 serverplugin_empty

 Timestamp is 59c40c01 (Thu Sep 21 21:59:13 2017)

 Preferred load address is 10000000

 Start         Length     Name                   Class
 0001:00000000 0003e59aH .text                   CODE
 0001:0003e5a0 000005eeH .text$x                 CODE
 0001:0003eb90 00000333H .text$yc                CODE
 0001:0003eed0 00000185H .text$yd                CODE
 0002:00000000 00000178H .idata$5                DATA
 0002:00000178 00000004H .CRT$XCA                DATA
 0002:0000017c 00000048H .CRT$XCU                DATA
 0002:000001c4 00000004H .CRT$XCZ                DATA
 0002:000001c8 00000004H .CRT$XIA                DATA
 0002:000001cc 00000014H .CRT$XIC                DATA
 0002:000001e0 00000004H .CRT$XIZ                DATA
 0002:000001e4 00000004H .CRT$XPA                DATA
 0002:000001e8 00000004H .CRT$XPX                DATA
 0002:000001ec 00000004H .CRT$XPXA               DATA
 0002:000001f0 00000004H .CRT$XPZ                DATA
 0002:000001f4 00000004H .CRT$XTA                DATA
 0002:000001f8 00000004H .CRT$XTZ                DATA
 0002:00000200 0000c2b8H .rdata                  DATA
 0002:0000c4b8 0000005fH .rdata$debug            DATA
 0002:0000c518 00000604H .rdata$r                DATA
 0002:0000cb20 00000088H .rdata$sxdata           DATA
 0002:0000cba8 00000004H .rtc$IAA                DATA
 0002:0000cbac 00000004H .rtc$IZZ                DATA
 0002:0000cbb0 00000004H .rtc$TAA                DATA
 0002:0000cbb4 00000004H .rtc$TZZ                DATA
 0002:0000cbb8 00000d0cH .xdata$x                DATA
 0002:0000d8c4 0000003cH .idata$2                DATA
 0002:0000d900 00000014H .idata$3                DATA
 0002:0000d914 00000178H .idata$4                DATA
 0002:0000da8c 000006b0H .idata$6                DATA
 0002:0000e140 00000059H .edata                  DATA
 0003:00000000 00001820H .data                   DATA
 0003:00001820 0000ce7cH .bss                    DATA

  Address         Publics by Value              Rva+Base       Lib:Object

 0000:00000000       __except_list              00000000     <absolute>
 0000:00000022       ___safe_se_handler_count   00000022     <absolute>
 0000:00000000       ___ImageBase               10000000     <linker-defined>
 0001:00000000       ?strrchr@@YAPADPADH@Z      10001000 f i memoverride.obj
 0001:00000010       ?MakeModuleFileName@@YAPBDXZ 10001010 f   memoverride.obj
 0001:000001e0       _malloc                    100011e0 f   memoverride.obj
 0001:000001f0       _free                      100011f0 f   memoverride.obj
 0001:00000210       _realloc                   10001210 f   memoverride.obj
 0001:00000230       _calloc                    10001230 f   memoverride.obj
 0001:00000260       __malloc_base              10001260 f   memoverride.obj
 0001:00000270       __free_base                10001270 f   memoverride.obj
 0001:00000290       __realloc_base             10001290 f   memoverride.obj
 0001:000002b0       __realloc_crt              100012b0 f   memoverride.obj
 0001:000002d0       __recalloc_crt             100012d0 f   memoverride.obj
 0001:00000300       __recalloc                 10001300 f   memoverride.obj
 0001:00000330       __malloc_crt               10001330 f   memoverride.obj
 0001:00000340       __calloc_crt               10001340 f   memoverride.obj
 0001:00000370       __heapchk                  10001370 f   memoverride.obj
 0001:00000380       __heapmin                  10001380 f   memoverride.obj
 0001:00000390       __msize                    10001390 f   memoverride.obj
 0001:000003b0       _msize                     100013b0 f   memoverride.obj
 0001:000003d0       __heap_alloc               100013d0 f   memoverride.obj
 0001:000003e0       __nh_malloc                100013e0 f   memoverride.obj
 0001:000003f0       __expand                   100013f0 f   memoverride.obj
 0001:00000400       __get_sbh_threshold        10001400 f   memoverride.obj
 0001:00000410       __set_sbh_threshold        10001410 f   memoverride.obj
 0001:00000420       __heapadd                  10001420 f   memoverride.obj
 0001:00000430       __heapset                  10001430 f   memoverride.obj
 0001:00000440       __heapused                 10001440 f   memoverride.obj
 0001:00000450       __heapwalk                 10001450 f   memoverride.obj
 0001:00000460       _malloc_db                 10001460 f   memoverride.obj
 0001:00000480       _free_db                   10001480 f   memoverride.obj
 0001:000004a0       _realloc_db                100014a0 f   memoverride.obj
 0001:000004d0       __heap_init                100014d0 f   memoverride.obj
 0001:000004e0       __heap_term                100014e0 f   memoverride.obj
 0001:000004f0       ??2@YAPAXI@Z               100014f0 f   memoverride.obj
 0001:00000500       ??2@YAPAXIHPBDH@Z          10001500 f   memoverride.obj
 0001:00000520       ??3@YAXPAX@Z               10001520 f   memoverride.obj
 0001:00000540       ??_U@YAPAXI@Z              10001540 f   memoverride.obj
 0001:00000550       ??_U@YAPAXIHPBDH@Z         10001550 f   memoverride.obj
 0001:00000570       ??_V@YAXPAX@Z              10001570 f   memoverride.obj
 0001:00000590       ??0CAttibCRT@@QAE@H@Z      10001590 f i memoverride.obj
 0001:000005c0       ??1CAttibCRT@@QAE@XZ       100015c0 f i memoverride.obj
 0001:000005e0       __nh_malloc_dbg            100015e0 f   memoverride.obj
 0001:00000640       __malloc_dbg               10001640 f   memoverride.obj
 0001:000006a0       __calloc_dbg               100016a0 f   memoverride.obj
 0001:00000710       __realloc_dbg              10001710 f   memoverride.obj
 0001:00000770       __expand_dbg               10001770 f   memoverride.obj
 0001:00000780       __free_dbg                 10001780 f   memoverride.obj
 0001:000007d0       __msize_dbg                100017d0 f   memoverride.obj
 0001:000007f0       __aligned_malloc_base      100017f0 f   memoverride.obj
 0001:00000800       __aligned_realloc_base     10001800 f   memoverride.obj
 0001:00000820       __aligned_free_base        10001820 f   memoverride.obj
 0001:00000840       __aligned_malloc           10001840 f   memoverride.obj
 0001:00000850       __aligned_free             10001850 f   memoverride.obj
 0001:00000870       __aligned_realloc          10001870 f   memoverride.obj
 0001:00000890       __aligned_offset_malloc    10001890 f   memoverride.obj
 0001:000008a0       __aligned_offset_realloc   100018a0 f   memoverride.obj
 0001:000008c0       __CrtDumpMemoryLeaks       100018c0 f   memoverride.obj
 0001:000008d0       __CrtSetDumpClient         100018d0 f   memoverride.obj
 0001:000008f0       __CrtSetDbgFlag            100018f0 f   memoverride.obj
 0001:00000910       ___p__crtDbgFlag           10001910 f   memoverride.obj
 0001:00000920       ___p__crtBreakAlloc        10001920 f   memoverride.obj
 0001:00000930       __CrtSetDbgBlockType       10001930 f   memoverride.obj
 0001:00000940       __CrtSetAllocHook          10001940 f   memoverride.obj
 0001:00000950       __CrtSetBreakAlloc         10001950 f   memoverride.obj
 0001:00000970       __CrtIsValidHeapPointer    10001970 f   memoverride.obj
 0001:00000990       __CrtIsValidPointer        10001990 f   memoverride.obj
 0001:000009b0       __CrtCheckMemory           100019b0 f   memoverride.obj
 0001:000009c0       __CrtIsMemoryBlock         100019c0 f   memoverride.obj
 0001:000009d0       __CrtMemDifference         100019d0 f   memoverride.obj
 0001:000009e0       __CrtMemDumpStatistics     100019e0 f   memoverride.obj
 0001:000009f0       __CrtMemCheckpoint         100019f0 f   memoverride.obj
 0001:00000a10       __CrtMemDumpAllObjectsSince 10001a10 f   memoverride.obj
 0001:00000a20       __CrtDoForAllClientObjects 10001a20 f   memoverride.obj
 0001:00000a30       __CrtSetReportMode         10001a30 f   memoverride.obj
 0001:00000a50       __CrtSetReportFile         10001a50 f   memoverride.obj
 0001:00000a70       __CrtSetReportHook         10001a70 f   memoverride.obj
 0001:00000a90       __CrtDbgReport             10001a90 f   memoverride.obj
 0001:00000ae0       __CrtSetCheckCount         10001ae0 f   memoverride.obj
 0001:00000af0       __CrtGetCheckCount         10001af0 f   memoverride.obj
 0001:00000b00       __aligned_offset_recalloc_dbg 10001b00 f   memoverride.obj
 0001:00000b30       __aligned_recalloc         10001b30 f   memoverride.obj
 0001:00000b60       __aligned_recalloc_dbg     10001b60 f   memoverride.obj
 0001:00000b90       __aligned_offset_recalloc  10001b90 f   memoverride.obj
 0001:00000bc0       __recalloc_dbg             10001bc0 f   memoverride.obj
 0001:00000bd0       __CrtGetReportHook         10001bd0 f   memoverride.obj
 0001:00000be0       __CrtDbgReportW            10001be0 f   memoverride.obj
 0001:00000bf0       __CrtReportBlockType       10001bf0 f   memoverride.obj
 0001:00000c00       __heap_alloc_base          10001c00 f   memoverride.obj
 0001:00000c10       __heap_alloc_dbg           10001c10 f   memoverride.obj
 0001:00000c20       __free_nolock              10001c20 f   memoverride.obj
 0001:00000c40       __free_dbg_nolock          10001c40 f   memoverride.obj
 0001:00000c60       __CrtGetAllocHook          10001c60 f   memoverride.obj
 0001:00000c70       __CrtGetDumpClient         10001c70 f   memoverride.obj
 0001:00000c80       __aligned_malloc_dbg       10001c80 f   memoverride.obj
 0001:00000c90       __aligned_realloc_dbg      10001c90 f   memoverride.obj
 0001:00000cb0       __aligned_offset_malloc_dbg 10001cb0 f   memoverride.obj
 0001:00000cc0       __aligned_offset_malloc_base 10001cc0 f   memoverride.obj
 0001:00000cd0       __aligned_offset_realloc_dbg 10001cd0 f   memoverride.obj
 0001:00000cf0       __aligned_free_dbg         10001cf0 f   memoverride.obj
 0001:00000d10       __CrtSetDebugFillThreshold 10001d10 f   memoverride.obj
 0001:00000d20       __strdup                   10001d20 f   memoverride.obj
 0001:00000d30       __wcsdup_dbg               10001d30 f   memoverride.obj
 0001:00000d40       __wcsdup                   10001d40 f   memoverride.obj
 0001:00000d50       ??2@YAPAXIPAX@Z            10001d50 f i serverplugin_bot.obj
 0001:00000d60       ??3@YAXPAX0@Z              10001d60 f i serverplugin_bot.obj
 0001:00000d70       _fabsf                     10001d70 f i serverplugin_bot.obj
 0001:00000d80       ?fabs@@YAMM@Z              10001d80 f i serverplugin_bot.obj
 0001:00000d90       ?UtlMemory_CalcNewAllocationCount@@YAHHHHH@Z 10001d90 f i serverplugin_bot.obj
 0001:00000dd0       ?V_memset@@YAXPAXHH@Z      10001dd0 f i serverplugin_bot.obj
 0001:00000de0       ?V_memmove@@YAXPAXPBXH@Z   10001de0 f i serverplugin_bot.obj
 0001:00000df0       ?V_strlen@@YAHPBD@Z        10001df0 f i serverplugin_bot.obj
 0001:00000e10       ??0Vector2D@@QAE@MM@Z      10001e10 f i serverplugin_bot.obj
 0001:00000e30       ?LengthSqr@Vector@@QBEMXZ  10001e30 f i serverplugin_bot.obj
 0001:00000e60       ??0Vector@@QAE@XZ          10001e60 f i serverplugin_bot.obj
 0001:00000e70       ??0Vector@@QAE@MMM@Z       10001e70 f i serverplugin_bot.obj
 0001:00000e90       ?Random@Vector@@QAEXMM@Z   10001e90 f i serverplugin_bot.obj
 0001:00000f00       ??4Vector@@QAEAAV0@ABV0@@Z 10001f00 f i serverplugin_bot.obj
 0001:00000f20       ??XVector@@QAEAAV0@M@Z     10001f20 f i serverplugin_bot.obj
 0001:00000f50       ?VectorAdd@@YAXABVVector@@0AAV1@@Z 10001f50 f i serverplugin_bot.obj
 0001:00000f80       ?VectorSubtract@@YAXABVVector@@0AAV1@@Z 10001f80 f i serverplugin_bot.obj
 0001:00000fb0       ?VectorMultiply@@YAXABVVector@@MAAV1@@Z 10001fb0 f i serverplugin_bot.obj
 0001:00000fe0       ??_H@YGXPAXIHP6EPAX0@Z@Z   10001fe0 f i serverplugin_bot.obj
 0001:00001010       ??HVector@@QBE?AV0@ABV0@@Z 10002010 f i serverplugin_bot.obj
 0001:00001040       ??DVector@@QBE?AV0@M@Z     10002040 f i serverplugin_bot.obj
 0001:00001070       ??0QAngle@@QAE@XZ          10002070 f i serverplugin_bot.obj
 0001:00001080       ??0QAngle@@QAE@MMM@Z       10002080 f i serverplugin_bot.obj
 0001:000010a0       ?Init@QAngle@@QAEXMMM@Z    100020a0 f i serverplugin_bot.obj
 0001:000010c0       ?RandomAngle@@YA?AVQAngle@@MM@Z 100020c0 f i serverplugin_bot.obj
 0001:00001140       ??4QAngle@@QAEAAV0@ABV0@@Z 10002140 f i serverplugin_bot.obj
 0001:00001160       ??AQAngle@@QAEAAMH@Z       10002160 f i serverplugin_bot.obj
 0001:00001170       ??YQAngle@@QAEAAV0@ABV0@@Z 10002170 f i serverplugin_bot.obj
 0001:000011a0       ?GetFloat@ConVar@@QBEMXZ   100021a0 f i serverplugin_bot.obj
 0001:000011b0       ?GetInt@ConVar@@QBEHXZ     100021b0 f i serverplugin_bot.obj
 0001:000011c0       ?GetString@ConVar@@QBEPBDXZ 100021c0 f i serverplugin_bot.obj
 0001:000011e0       ??0cplane_t@@QAE@XZ        100021e0 f i serverplugin_bot.obj
 0001:000011f0       ?Init@Ray_t@@QAEXABVVector@@000@Z 100021f0 f i serverplugin_bot.obj
 0001:00001330       ?IsFree@CBaseEdict@@QBE_NXZ 10002330 f i serverplugin_bot.obj
 0001:00001340       ?GetUnknown@CBaseEdict@@QAEPAVIServerUnknown@@XZ 10002340 f i serverplugin_bot.obj
 0001:00001350       ??1CBotCmd@@UAE@XZ         10002350 f i serverplugin_bot.obj
 0001:00001360       ?Reset@CBotCmd@@QAEXXZ     10002360 f i serverplugin_bot.obj
 0001:000013a0       ??4CBotCmd@@QAEAAV0@ABV0@@Z 100023a0 f i serverplugin_bot.obj
 0001:00001420       ??_GCBotCmd@@UAEPAXI@Z     10002420 f i serverplugin_bot.obj
 0001:00001420       ??_ECBotCmd@@UAEPAXI@Z     10002420 f i serverplugin_bot.obj
 0001:00001450       ??0CPluginBot@@QAE@XZ      10002450 f i serverplugin_bot.obj
 0001:00001470       ?Bot_RunMimicCommand@@YA_NAAVCBotCmd@@@Z 10002470 f   serverplugin_bot.obj
 0001:00001500       ?Bot_UpdateStrafing@@YAXPAVCPluginBot@@AAVCBotCmd@@@Z 10002500 f   serverplugin_bot.obj
 0001:000015a0       ??0Ray_t@@QAE@XZ           100025a0 f i serverplugin_bot.obj
 0001:000015b0       ??0ITraceFilter@@QAE@XZ    100025b0 f i serverplugin_bot.obj
 0001:000015c0       ?Bot_HandleSendCmd@@YAXPAVCPluginBot@@@Z 100025c0 f   serverplugin_bot.obj
 0001:00001640       ?Bot_SetForwardMovement@@YAXPAVCPluginBot@@AAVCBotCmd@@@Z 10002640 f   serverplugin_bot.obj
 0001:000016d0       ?Bot_HandleRespawn@@YAXPAVCPluginBot@@AAVCBotCmd@@@Z 100026d0 f   serverplugin_bot.obj
 0001:00001740       ?Count@?$CUtlVector@VCPluginBot@@V?$CUtlMemory@VCPluginBot@@@@@@QBEHXZ 10002740 f i serverplugin_bot.obj
 0001:00001750       ?Base@?$CUtlMemory@VCPluginBot@@@@QAEPAVCPluginBot@@XZ 10002750 f i serverplugin_bot.obj
 0001:00001760       ??$Destruct@VCPluginBot@@@@YAXPAVCPluginBot@@@Z 10002760 f i serverplugin_bot.obj
 0001:00001770       ?ValidateGrowSize@?$CUtlMemory@VCPluginBot@@@@IAEXXZ 10002770 f i serverplugin_bot.obj
 0001:00001780       ??$Construct@VCPluginBot@@@@YAXPAVCPluginBot@@@Z 10002780 f i serverplugin_bot.obj
 0001:000017a0       ?NumAllocated@?$CUtlMemory@VCPluginBot@@@@QBEHXZ 100027a0 f i serverplugin_bot.obj
 0001:000017b0       ?IsExternallyAllocated@?$CUtlMemory@VCPluginBot@@@@QBE_NXZ 100027b0 f i serverplugin_bot.obj
 0001:000017c0       ?GetBool@ConVar@@QBE_NXZ   100027c0 f i serverplugin_bot.obj
 0001:000017d0       ??0CBaseTrace@@QAE@XZ      100027d0 f i serverplugin_bot.obj
 0001:000017e0       ??0CGameTrace@@QAE@XZ      100027e0 f i serverplugin_bot.obj
 0001:000017f0       ??0CBotCmd@@QAE@XZ         100027f0 f i serverplugin_bot.obj
 0001:00001840       ??0CTraceFilterWorldAndPropsOnly@@QAE@XZ 10002840 f i serverplugin_bot.obj
 0001:00001850       ?ShouldHitEntity@CTraceFilterWorldAndPropsOnly@@UAE_NPAVIHandleEntity@@H@Z 10002850 f i serverplugin_bot.obj
 0001:00001860       ?GetTraceType@CTraceFilterWorldAndPropsOnly@@UBE?AW4TraceType_t@@XZ 10002860 f i serverplugin_bot.obj
 0001:00001870       ?Bot_FlipOut@@YAXPAVCPluginBot@@AAVCBotCmd@@@Z 10002870 f   serverplugin_bot.obj
 0001:000019c0       ?Bot_ForceFireWeapon@@YAXPAVCPluginBot@@AAVCBotCmd@@@Z 100029c0 f   serverplugin_bot.obj
 0001:00001a80       ?Base@?$CUtlVector@VCPluginBot@@V?$CUtlMemory@VCPluginBot@@@@@@QAEPAVCPluginBot@@XZ 10002a80 f i serverplugin_bot.obj
 0001:00001a90       ?ResetDbgInfo@?$CUtlVector@VCPluginBot@@V?$CUtlMemory@VCPluginBot@@@@@@IAEXXZ 10002a90 f i serverplugin_bot.obj
 0001:00001aa0       ?Element@?$CUtlVector@VCPluginBot@@V?$CUtlMemory@VCPluginBot@@@@@@QAEAAVCPluginBot@@H@Z 10002aa0 f i serverplugin_bot.obj
 0001:00001ac0       ?ShiftElementsLeft@?$CUtlVector@VCPluginBot@@V?$CUtlMemory@VCPluginBot@@@@@@IAEXHH@Z 10002ac0 f i serverplugin_bot.obj
 0001:00001b20       ??0?$CUtlMemory@VCPluginBot@@@@QAE@HH@Z 10002b20 f i serverplugin_bot.obj
 0001:00001b70       ?RemoveAll@?$CUtlVector@VCPluginBot@@V?$CUtlMemory@VCPluginBot@@@@@@QAEXXZ 10002b70 f i serverplugin_bot.obj
 0001:00001b80       ?ShiftElementsRight@?$CUtlVector@VCPluginBot@@V?$CUtlMemory@VCPluginBot@@@@@@IAEXHH@Z 10002b80 f i serverplugin_bot.obj
 0001:00001be0       ?Purge@?$CUtlMemory@VCPluginBot@@@@QAEXXZ 10002be0 f i serverplugin_bot.obj
 0001:00001c10       ?Grow@?$CUtlMemory@VCPluginBot@@@@QAEXH@Z 10002c10 f i serverplugin_bot.obj
 0001:00001ca0       ?Bot_UpdateDirection@@YAXPAVCPluginBot@@@Z 10002ca0 f   serverplugin_bot.obj
 0001:00001f10       ?Bot_Think@@YAXPAVCPluginBot@@@Z 10002f10 f   serverplugin_bot.obj
 0001:00002040       ??A?$CUtlVector@VCPluginBot@@V?$CUtlMemory@VCPluginBot@@@@@@QAEAAVCPluginBot@@H@Z 10003040 f i serverplugin_bot.obj
 0001:00002060       ?Remove@?$CUtlVector@VCPluginBot@@V?$CUtlMemory@VCPluginBot@@@@@@QAEXH@Z 10003060 f i serverplugin_bot.obj
 0001:000020b0       ?Purge@?$CUtlVector@VCPluginBot@@V?$CUtlMemory@VCPluginBot@@@@@@QAEXXZ 100030b0 f i serverplugin_bot.obj
 0001:00002100       ??1?$CUtlMemory@VCPluginBot@@@@QAE@XZ 10003100 f i serverplugin_bot.obj
 0001:00002130       ?GrowVector@?$CUtlVector@VCPluginBot@@V?$CUtlMemory@VCPluginBot@@@@@@IAEXH@Z 10003130 f i serverplugin_bot.obj
 0001:00002170       ?Bot_RunAll@@YAXXZ         10003170 f   serverplugin_bot.obj
 0001:00002210       ??0?$CUtlVector@VCPluginBot@@V?$CUtlMemory@VCPluginBot@@@@@@QAE@HH@Z 10003210 f i serverplugin_bot.obj
 0001:00002270       ??1?$CUtlVector@VCPluginBot@@V?$CUtlMemory@VCPluginBot@@@@@@QAE@XZ 10003270 f i serverplugin_bot.obj
 0001:00002300       ?InsertBefore@?$CUtlVector@VCPluginBot@@V?$CUtlMemory@VCPluginBot@@@@@@QAEHH@Z 10003300 f i serverplugin_bot.obj
 0001:00002390       ?AddToTail@?$CUtlVector@VCPluginBot@@V?$CUtlMemory@VCPluginBot@@@@@@QAEHXZ 10003390 f i serverplugin_bot.obj
 0001:000023a0       ?BotAdd_f@@YAXXZ           100033a0 f   serverplugin_bot.obj
 0001:00002450       ??0IConCommandBaseAccessor@@QAE@XZ 10003450 f i serverplugin_convar.obj
 0001:00002460       ?InitCVars@@YAXP6APAXPBDPAH@Z@Z 10003460 f   serverplugin_convar.obj
 0001:00002490       ??0CPluginConVarAccessor@@QAE@XZ 10003490 f i serverplugin_convar.obj
 0001:000024a0       ?RegisterConCommandBase@CPluginConVarAccessor@@UAE_NPAVConCommandBase@@@Z 100034a0 f i serverplugin_convar.obj
 0001:000024e0       ?V_stricmp@@YAHPBD0@Z      100034e0 f i serverplugin_empty.obj
 0001:000024f0       ?SetColor@Color@@QAEXHHHH@Z 100034f0 f i serverplugin_empty.obj
 0001:00002510       ??1IGameEventListener@@UAE@XZ 10003510 f i serverplugin_empty.obj
 0001:00002520       ??_EIGameEventListener@@UAEPAXI@Z 10003520 f i serverplugin_empty.obj
 0001:00002520       ??_GIGameEventListener@@UAEPAXI@Z 10003520 f i serverplugin_empty.obj
 0001:00002550       ?FStrEq@@YA_NPBD0@Z        10003550 f i serverplugin_empty.obj
 0001:00002580       ??0IServerPluginCallbacks@@QAE@XZ 10003580 f i serverplugin_empty.obj
 0001:00002590       ??0IGameEventListener@@QAE@XZ 10003590 f i serverplugin_empty.obj
 0001:000025a0       ??1CEmptyServerPlugin@@UAE@XZ 100035a0 f   serverplugin_empty.obj
 0001:000025b0       ?GetCommandIndex@CEmptyServerPlugin@@UAEHXZ 100035b0 f i serverplugin_empty.obj
 0001:000025c0       ?Load@CEmptyServerPlugin@@UAE_NP6APAXPBDPAH@Z2@Z 100035c0 f   serverplugin_empty.obj
 0001:000026f0       ?Unload@CEmptyServerPlugin@@UAEXXZ 100036f0 f   serverplugin_empty.obj
 0001:00002720       ?Pause@CEmptyServerPlugin@@UAEXXZ 10003720 f   serverplugin_empty.obj
 0001:00002730       ?UnPause@CEmptyServerPlugin@@UAEXXZ 10003730 f   serverplugin_empty.obj
 0001:00002740       ?GetPluginDescription@CEmptyServerPlugin@@UAEPBDXZ 10003740 f   serverplugin_empty.obj
 0001:00002750       ?LevelInit@CEmptyServerPlugin@@UAEXPBD@Z 10003750 f   serverplugin_empty.obj
 0001:00002790       ?ServerActivate@CEmptyServerPlugin@@UAEXPAUedict_t@@HH@Z 10003790 f   serverplugin_empty.obj
 0001:000027a0       ?GameFrame@CEmptyServerPlugin@@UAEX_N@Z 100037a0 f   serverplugin_empty.obj
 0001:000027c0       ?LevelShutdown@CEmptyServerPlugin@@UAEXXZ 100037c0 f   serverplugin_empty.obj
 0001:000027f0       ?ClientActive@CEmptyServerPlugin@@UAEXPAUedict_t@@@Z 100037f0 f   serverplugin_empty.obj
 0001:00002800       ?ClientDisconnect@CEmptyServerPlugin@@UAEXPAUedict_t@@@Z 10003800 f   serverplugin_empty.obj
 0001:00002810       ?SetCommandClient@CEmptyServerPlugin@@UAEXH@Z 10003810 f   serverplugin_empty.obj
 0001:00002820       ?ClientSettingsChanged@CEmptyServerPlugin@@UAEXPAUedict_t@@@Z 10003820 f   serverplugin_empty.obj
 0001:000028f0       ?ClientConnect@CEmptyServerPlugin@@UAE?AW4PLUGIN_RESULT@@PA_NPAUedict_t@@PBD2PADH@Z 100038f0 f   serverplugin_empty.obj
 0001:00002900       ?NetworkIDValidated@CEmptyServerPlugin@@UAE?AW4PLUGIN_RESULT@@PBD0@Z 10003900 f   serverplugin_empty.obj
 0001:00002910       ?FireGameEvent@CEmptyServerPlugin@@UAEXPAVKeyValues@@@Z 10003910 f   serverplugin_empty.obj
 0001:00002960       ??0Color@@QAE@HHHH@Z       10003960 f i serverplugin_empty.obj
 0001:00002980       ??0CEmptyServerPlugin@@QAE@XZ 10003980 f   serverplugin_empty.obj
 0001:000029a0       ??_ECEmptyServerPlugin@@W3AEPAXI@Z 100039a0 f i serverplugin_empty.obj
 0001:000029b0       ??_GCEmptyServerPlugin@@UAEPAXI@Z 100039b0 f i serverplugin_empty.obj
 0001:000029b0       ??_ECEmptyServerPlugin@@UAEPAXI@Z 100039b0 f i serverplugin_empty.obj
 0001:000029e0       ?ClientPutInServer@CEmptyServerPlugin@@UAEXPAUedict_t@@PBD@Z 100039e0 f   serverplugin_empty.obj
 0001:00002ac0       ?ClientCommand@CEmptyServerPlugin@@UAE?AW4PLUGIN_RESULT@@PAUedict_t@@@Z 10003ac0 f   serverplugin_empty.obj
 0001:00002e2c       _GetModuleFileNameA@12     10003e2c f   kernel32:KERNEL32.dll
 0001:00002e32       _VirtualQuery@12           10003e32 f   kernel32:KERNEL32.dll
 0001:00002e38       _HeapAlloc@12              10003e38 f   kernel32:KERNEL32.dll
 0001:00002e3e       _GetProcessHeap@0          10003e3e f   kernel32:KERNEL32.dll
 0001:00002e44       _Warning                   10003e44 f   tier0:tier0.dll
 0001:00002e4a       _Msg                       10003e4a f   tier0:tier0.dll
 0001:00002e50       _RandomFloat               10003e50 f   vstdlib:vstdlib.dll
 0001:00002e60       _acosf                     10003e60 f i mathlib:mathlib_base.obj
 0001:00002e80       _asinf                     10003e80 f i mathlib:mathlib_base.obj
 0001:00002ea0       _atan2f                    10003ea0 f i mathlib:mathlib_base.obj
 0001:00002ec0       _cosf                      10003ec0 f i mathlib:mathlib_base.obj
 0001:00002ee0       _fmodf                     10003ee0 f i mathlib:mathlib_base.obj
 0001:00002f00       _logf                      10003f00 f i mathlib:mathlib_base.obj
 0001:00002f20       _powf                      10003f20 f i mathlib:mathlib_base.obj
 0001:00002f40       _sinf                      10003f40 f i mathlib:mathlib_base.obj
 0001:00002f60       _sqrtf                     10003f60 f i mathlib:mathlib_base.obj
 0001:00002f80       ?acos@@YAMM@Z              10003f80 f i mathlib:mathlib_base.obj
 0001:00002fa0       ?asin@@YAMM@Z              10003fa0 f i mathlib:mathlib_base.obj
 0001:00002fc0       ?atan2@@YAMMM@Z            10003fc0 f i mathlib:mathlib_base.obj
 0001:00002fe0       ?log@@YAMM@Z               10003fe0 f i mathlib:mathlib_base.obj
 0001:00003000       ?pow@@YAMMM@Z              10004000 f i mathlib:mathlib_base.obj
 0001:00003020       ?sin@@YAMM@Z               10004020 f i mathlib:mathlib_base.obj
 0001:00003040       ?sqrt@@YAMM@Z              10004040 f i mathlib:mathlib_base.obj
 0001:00003060       ?FloatBits@@YAAAKAAM@Z     10004060 f i mathlib:mathlib_base.obj
 0001:00003070       ?BitsToFloat@@YAMK@Z       10004070 f i mathlib:mathlib_base.obj
 0001:00003080       ?FloatMakePositive@@YAMM@Z 10004080 f i mathlib:mathlib_base.obj
 0001:000030a0       ??0Vector2D@@QAE@XZ        100040a0 f i mathlib:mathlib_base.obj
 0001:000030b0       ?Vector2DSubtract@@YAXABVVector2D@@0AAV1@@Z 100040b0 f i mathlib:mathlib_base.obj
 0001:000030d0       ?MulAdd@Vector2D@@QAEXABV1@0M@Z 100040d0 f i mathlib:mathlib_base.obj
 0001:00003100       ?DotProduct2D@@YAMABVVector2D@@0@Z 10004100 f i mathlib:mathlib_base.obj
 0001:00003120       ?Dot@Vector2D@@QBEMABV1@@Z 10004120 f i mathlib:mathlib_base.obj
 0001:00003140       ?Vector2DLength@@YAMABVVector2D@@@Z 10004140 f i mathlib:mathlib_base.obj
 0001:00003170       ?LengthSqr@Vector2D@@QBEMXZ 10004170 f i mathlib:mathlib_base.obj
 0001:00003190       ?Length@Vector2D@@QBEMXZ   10004190 f i mathlib:mathlib_base.obj
 0001:000031c0       ?DistTo@Vector2D@@QBEMABV1@@Z 100041c0 f i mathlib:mathlib_base.obj
 0001:00003200       ?DistToSqr@Vector2D@@QBEMABV1@@Z 10004200 f i mathlib:mathlib_base.obj
 0001:00003240       ?Init@Vector@@QAEXMMM@Z    10004240 f i mathlib:mathlib_base.obj
 0001:00003260       ??AVector@@QAEAAMH@Z       10004260 f i mathlib:mathlib_base.obj
 0001:00003270       ??AVector@@QBEMH@Z         10004270 f i mathlib:mathlib_base.obj
 0001:00003280       ?VectorCopy@@YAXABVVector@@AAV1@@Z 10004280 f i mathlib:mathlib_base.obj
 0001:000032a0       ?VectorScale@@YAXABVVector@@MAAV1@@Z 100042a0 f i mathlib:mathlib_base.obj
 0001:000032d0       ?MulAdd@Vector@@QAEXABV1@0M@Z 100042d0 f i mathlib:mathlib_base.obj
 0001:00003310       ?VectorLerp@@YAXABVVector@@0MAAV1@@Z 10004310 f i mathlib:mathlib_base.obj
 0001:00003350       ?DotProduct@@YAMABVVector@@0@Z 10004350 f i mathlib:mathlib_base.obj
 0001:00003380       ?Dot@Vector@@QBEMABV1@@Z   10004380 f i mathlib:mathlib_base.obj
 0001:000033b0       ?CrossProduct@@YAXABVVector@@0AAV1@@Z 100043b0 f i mathlib:mathlib_base.obj
 0001:000033f0       ?DotProductAbs@@YAMABVVector@@PBM@Z 100043f0 f i mathlib:mathlib_base.obj
 0001:00003450       ?VectorLength@@YAMABVVector@@@Z 10004450 f i mathlib:mathlib_base.obj
 0001:00003490       ?Length@Vector@@QBEMXZ     10004490 f i mathlib:mathlib_base.obj
 0001:000034d0       ?DistTo@Vector@@QBEMABV1@@Z 100044d0 f i mathlib:mathlib_base.obj
 0001:00003530       ??0Quaternion@@QAE@XZ      10004530 f i mathlib:mathlib_base.obj
 0001:00003540       ??AQuaternion@@QAEAAMH@Z   10004540 f i mathlib:mathlib_base.obj
 0001:00003550       ??AQuaternion@@QBEMH@Z     10004550 f i mathlib:mathlib_base.obj
 0001:00003560       ??0RadianEuler@@QAE@XZ     10004560 f i mathlib:mathlib_base.obj
 0001:00003570       ?Init@RadianEuler@@QAEXMMM@Z 10004570 f i mathlib:mathlib_base.obj
 0001:00003590       ??AQAngle@@QBEMH@Z         10004590 f i mathlib:mathlib_base.obj
 0001:000035a0       ?VectorNormalize@@YAMAAVVector@@@Z 100045a0 f i mathlib:mathlib_base.obj
 0001:000035b0       ?VectorNormalizeFast@@YAXAAVVector@@@Z 100045b0 f i mathlib:mathlib_base.obj
 0001:000035c0       ?GetPlane@Frustum_t@@QBEPBUcplane_t@@H@Z 100045c0 f i mathlib:mathlib_base.obj
 0001:000035d0       ??0matrix3x4_t@@QAE@XZ     100045d0 f i mathlib:mathlib_base.obj
 0001:000035e0       ??Amatrix3x4_t@@QAEPAMH@Z  100045e0 f i mathlib:mathlib_base.obj
 0001:000035f0       ??Amatrix3x4_t@@QBEPBMH@Z  100045f0 f i mathlib:mathlib_base.obj
 0001:00003600       ?Base@matrix3x4_t@@QAEPAMXZ 10004600 f i mathlib:mathlib_base.obj
 0001:00003610       ?Base@matrix3x4_t@@QBEPBMXZ 10004610 f i mathlib:mathlib_base.obj
 0001:00003620       ?DotProduct@@YAMPBM0@Z     10004620 f i mathlib:mathlib_base.obj
 0001:00003650       ?VectorScale@@YAXPBMMPAM@Z 10004650 f i mathlib:mathlib_base.obj
 0001:00003680       ?SinCos@@YAXMPAM0@Z        10004680 f i mathlib:mathlib_base.obj
 0001:000036a0       ?anglemod@@YAMM@Z          100046a0 f i mathlib:mathlib_base.obj
 0001:00003700       ?TexLightToLinear@@YAMHH@Z 10004700 f i mathlib:mathlib_base.obj
 0001:00003720       ?RoundFloatToInt@@YAHM@Z   10004720 f i mathlib:mathlib_base.obj
 0001:00003740       ?Floor2Int@@YAHM@Z         10004740 f i mathlib:mathlib_base.obj
 0001:00003770       ?_sqrtf@@YAMM@Z            10004770 f   mathlib:mathlib_base.obj
 0001:00003790       ?_rsqrtf@@YAMM@Z           10004790 f   mathlib:mathlib_base.obj
 0001:000037b0       ?_VectorNormalize@@YIMAAVVector@@@Z 100047b0 f   mathlib:mathlib_base.obj
 0001:00003820       ?_VectorNormalizeFast@@YIXAAVVector@@@Z 10004820 f   mathlib:mathlib_base.obj
 0001:00003880       ?_InvRSquared@@YAMPBM@Z    10004880 f   mathlib:mathlib_base.obj
 0001:000038d0       ?_3DNow_Sqrt@@YAMM@Z       100048d0 f   mathlib:mathlib_base.obj
 0001:00003900       ?_3DNow_RSqrt@@YAMM@Z      10004900 f   mathlib:mathlib_base.obj
 0001:00003930       ?_3DNow_VectorNormalize@@YIMAAVVector@@@Z 10004930 f   mathlib:mathlib_base.obj
 0001:000039c0       ?_3DNow_VectorNormalizeFast@@YIXAAVVector@@@Z 100049c0 f   mathlib:mathlib_base.obj
 0001:000039d0       ?_3DNow_InvRSquared@@YAMPBM@Z 100049d0 f   mathlib:mathlib_base.obj
 0001:00003a10       ?_SSE_Sqrt@@YAMM@Z         10004a10 f   mathlib:mathlib_base.obj
 0001:00003a30       ?_SSE_RSqrtAccurate@@YAMM@Z 10004a30 f i mathlib:mathlib_base.obj
 0001:00003a80       ?_SSE_RSqrtFast@@YAMM@Z    10004a80 f i mathlib:mathlib_base.obj
 0001:00003aa0       ?_SSE_VectorNormalize@@YIMAAVVector@@@Z 10004aa0 f   mathlib:mathlib_base.obj
 0001:00003b60       ?_SSE_VectorNormalizeFast@@YIXAAVVector@@@Z 10004b60 f   mathlib:mathlib_base.obj
 0001:00003bf0       ?_SSE_InvRSquared@@YAMPBM@Z 10004bf0 f   mathlib:mathlib_base.obj
 0001:00003c40       ?_SSE_SinCos@@YAXMPAM0@Z   10004c40 f   mathlib:mathlib_base.obj
 0001:00003d80       ?_SSE_cos@@YAMM@Z          10004d80 f   mathlib:mathlib_base.obj
 0001:00003e50       ?_SSE2_SinCos@@YAXMPAM0@Z  10004e50 f   mathlib:mathlib_base.obj
 0001:00003f80       ?_SSE2_cos@@YAMM@Z         10004f80 f   mathlib:mathlib_base.obj
 0001:00004050       ?InitSinCosTable@@YAXXZ    10005050 f   mathlib:mathlib_base.obj
 0001:00004090       ?VectorsEqual@@YAHPBM0@Z   10005090 f   mathlib:mathlib_base.obj
 0001:000040d0       ?LineSphereIntersection@@YAHABVVector@@M00PAM1@Z 100050d0 f   mathlib:mathlib_base.obj
 0001:000041e0       ?MatrixAngles@@YAXABUmatrix3x4_t@@PAM@Z 100051e0 f   mathlib:mathlib_base.obj
 0001:000042e0       ?VectorTransform@@YAXPBMABUmatrix3x4_t@@PAM@Z 100052e0 f   mathlib:mathlib_base.obj
 0001:00004350       ?VectorTransformSSE@@YAXPBMABUmatrix3x4_t@@PAM@Z 10005350 f   mathlib:mathlib_base.obj
 0001:000043f0       ?VectorITransform@@YAXPBMABUmatrix3x4_t@@PAM@Z 100053f0 f   mathlib:mathlib_base.obj
 0001:00004470       ?VectorRotate@@YAXPBMABUmatrix3x4_t@@PAM@Z 10005470 f   mathlib:mathlib_base.obj
 0001:000044d0       ?VectorRotateSSE@@YAXPBMABUmatrix3x4_t@@PAM@Z 100054d0 f   mathlib:mathlib_base.obj
 0001:00004560       ?TransformAndRotate@@YAXABVVector@@0ABUmatrix3x4_t@@AAV1@2@Z 10005560 f   mathlib:mathlib_base.obj
 0001:00004670       ?VectorIRotate@@YAXPBMABUmatrix3x4_t@@PAM@Z 10005670 f   mathlib:mathlib_base.obj
 0001:000046d0       ?MatrixCopy@@YAXABUmatrix3x4_t@@AAU1@@Z 100056d0 f   mathlib:mathlib_base.obj
 0001:000046f0       ?MatrixGetColumn@@YAXABUmatrix3x4_t@@HAAVVector@@@Z 100056f0 f   mathlib:mathlib_base.obj
 0001:00004720       ?MatrixSetColumn@@YAXABVVector@@HAAUmatrix3x4_t@@@Z 10005720 f   mathlib:mathlib_base.obj
 0001:00004750       ?VectorCompare@@YAHPBM0@Z  10005750 f   mathlib:mathlib_base.obj
 0001:00004790       ?VectorMA@@YAXPBMM0PAM@Z   10005790 f   mathlib:mathlib_base.obj
 0001:000047d0       ?_SSE_VectorMA@@YAXPBMM0PAM@Z 100057d0 f   mathlib:mathlib_base.obj
 0001:00004800       ?CrossProduct@@YAXPBM0PAM@Z 10005800 f   mathlib:mathlib_base.obj
 0001:00004840       ?Q_log2@@YAHH@Z            10005840 f   mathlib:mathlib_base.obj
 0001:00004860       ?VectorMatrix@@YAXABVVector@@AAUmatrix3x4_t@@@Z 10005860 f   mathlib:mathlib_base.obj
 0001:00004960       ?VectorVectors@@YAXABVVector@@AAV1@1@Z 10005960 f   mathlib:mathlib_base.obj
 0001:00004a20       ?VectorAngles@@YAXPBMPAM@Z 10005a20 f   mathlib:mathlib_base.obj
 0001:00004b30       ?ConcatRotations@@YAXQAY02$$CBM0QAY02M@Z 10005b30 f   mathlib:mathlib_base.obj
 0001:00004c20       ?ConcatTransforms@@YAXABUmatrix3x4_t@@0AAU1@@Z 10005c20 f   mathlib:mathlib_base.obj
 0001:00004de0       ?FloorDivMod@@YAXNNPAH0@Z  10005de0 f   mathlib:mathlib_base.obj
 0001:00004ed0       ?GreatestCommonDivisor@@YAHHH@Z 10005ed0 f   mathlib:mathlib_base.obj
 0001:00004f10       ?IsDenormal@@YA_NABM@Z     10005f10 f   mathlib:mathlib_base.obj
 0001:00004f40       ?SignbitsForPlane@@YAHPAUcplane_t@@@Z 10005f40 f   mathlib:mathlib_base.obj
 0001:00004f80       ?BoxOnPlaneSide@@YAHPBM0PBUcplane_t@@@Z 10005f80 f   mathlib:mathlib_base.obj
 0001:000051d0       ?VectorMA@@YAXABVVector@@M0AAV1@@Z 100061d0 f   mathlib:mathlib_base.obj
 0001:00005210       ?AngleVectors@@YAXABVQAngle@@PAVVector@@@Z 10006210 f   mathlib:mathlib_base.obj
 0001:00005290       ?AngleVectors@@YAXABVQAngle@@PAVVector@@11@Z 10006290 f   mathlib:mathlib_base.obj
 0001:000053d0       ?AngleVectorsTranspose@@YAXABVQAngle@@PAVVector@@11@Z 100063d0 f   mathlib:mathlib_base.obj
 0001:00005500       ?VectorAngles@@YAXABVVector@@AAVQAngle@@@Z 10006500 f   mathlib:mathlib_base.obj
 0001:00005620       ?VectorAngles@@YAXABVVector@@0AAVQAngle@@@Z 10006620 f   mathlib:mathlib_base.obj
 0001:00005750       ?SetIdentityMatrix@@YAXAAUmatrix3x4_t@@@Z 10006750 f   mathlib:mathlib_base.obj
 0001:00005780       ?AngleMatrix@@YAXABVQAngle@@AAUmatrix3x4_t@@@Z 10006780 f   mathlib:mathlib_base.obj
 0001:000058a0       ?AngleIMatrix@@YAXABVQAngle@@AAUmatrix3x4_t@@@Z 100068a0 f   mathlib:mathlib_base.obj
 0001:000059c0       ?SphereToAABBIntersection@@YA_NABVVector@@M00@Z 100069c0 f   mathlib:mathlib_base.obj
 0001:00005aa0       ?ClearBounds@@YAXAAVVector@@0@Z 10006aa0 f   mathlib:mathlib_base.obj
 0001:00005ad0       ?AddPointToBounds@@YAXABVVector@@AAV1@1@Z 10006ad0 f   mathlib:mathlib_base.obj
 0001:00005b70       ?GammaToLinearFullRange@@YAMM@Z 10006b70 f   mathlib:mathlib_base.obj
 0001:00005b90       ?LinearToGammaFullRange@@YAMM@Z 10006b90 f   mathlib:mathlib_base.obj
 0001:00005bb0       ?GammaToLinear@@YAMM@Z     10006bb0 f   mathlib:mathlib_base.obj
 0001:00005c00       ?LinearToGamma@@YAMM@Z     10006c00 f   mathlib:mathlib_base.obj
 0001:00005c50       ?TextureToLinear@@YAMH@Z   10006c50 f   mathlib:mathlib_base.obj
 0001:00005c80       ?LinearToTexture@@YAHM@Z   10006c80 f   mathlib:mathlib_base.obj
 0001:00005cc0       ?LinearToScreenGamma@@YAHM@Z 10006cc0 f   mathlib:mathlib_base.obj
 0001:00005d00       ?SolveQuadratic@@YA_NMMMAAM0@Z 10006d00 f   mathlib:mathlib_base.obj
 0001:00005dd0       ?SolveInverseQuadratic@@YA_NMMMMMMAAM00@Z 10006dd0 f   mathlib:mathlib_base.obj
 0001:00005ec0       ?SolveInverseReciprocalQuadratic@@YA_NMMMMMMAAM00@Z 10006ec0 f   mathlib:mathlib_base.obj
 0001:00005fe0       ?VectorYawRotate@@YAXABVVector@@MAAV1@@Z 10006fe0 f   mathlib:mathlib_base.obj
 0001:00006080       ?Bias@@YAMMM@Z             10007080 f   mathlib:mathlib_base.obj
 0001:000060d0       ?Gain@@YAMMM@Z             100070d0 f   mathlib:mathlib_base.obj
 0001:000061b0       ?SmoothCurve@@YAMM@Z       100071b0 f   mathlib:mathlib_base.obj
 0001:000061e0       ?MovePeak@@YAMMM@Z         100071e0 f i mathlib:mathlib_base.obj
 0001:00006230       ?SmoothCurve_Tweak@@YAMMMM@Z 10007230 f   mathlib:mathlib_base.obj
 0001:000062a0       ?QuaternionAlign@@YAXABVQuaternion@@0AAV1@@Z 100072a0 f   mathlib:mathlib_base.obj
 0001:00006390       ?QuaternionSlerpNoAlign@@YAXABVQuaternion@@0MAAV1@@Z 10007390 f   mathlib:mathlib_base.obj
 0001:00006530       ?QuaternionConjugate@@YAXABVQuaternion@@AAV1@@Z 10007530 f   mathlib:mathlib_base.obj
 0001:00006560       ?QuaternionNormalize@@YAMAAVQuaternion@@@Z 10007560 f   mathlib:mathlib_base.obj
 0001:000065e0       ?QuaternionScale@@YAXABVQuaternion@@MAAV1@@Z 100075e0 f   mathlib:mathlib_base.obj
 0001:000066d0       ?QuaternionAdd@@YAXABVQuaternion@@0AAV1@@Z 100076d0 f   mathlib:mathlib_base.obj
 0001:00006720       ?QuaternionDotProduct@@YAMABVQuaternion@@0@Z 10007720 f   mathlib:mathlib_base.obj
 0001:00006750       ?QuaternionMult@@YAXABVQuaternion@@0AAV1@@Z 10007750 f   mathlib:mathlib_base.obj
 0001:00006830       ?QuaternionMatrix@@YAXABVQuaternion@@AAUmatrix3x4_t@@@Z 10007830 f   mathlib:mathlib_base.obj
 0001:00006900       ?QuaternionAxisAngle@@YAXABVQuaternion@@AAVVector@@AAM@Z 10007900 f   mathlib:mathlib_base.obj
 0001:00006970       ?AxisAngleQuaternion@@YAXABVVector@@MAAVQuaternion@@@Z 10007970 f   mathlib:mathlib_base.obj
 0001:000069d0       ?AngleQuaternion@@YAXABVRadianEuler@@AAVQuaternion@@@Z 100079d0 f   mathlib:mathlib_base.obj
 0001:00006ad0       ?Spline_Normalize@@YAXABVVector@@000AAV1@1@Z 10007ad0 f   mathlib:mathlib_base.obj
 0001:00006bc0       ?Catmull_Rom_Spline@@YAXABVVector@@000MAAV1@@Z 10007bc0 f   mathlib:mathlib_base.obj
 0001:00006e90       ?Catmull_Rom_Spline_Tangent@@YAXABVVector@@000MAAV1@@Z 10007e90 f   mathlib:mathlib_base.obj
 0001:00007140       ?Catmull_Rom_Spline_Normalize@@YAXABVVector@@000MAAV1@@Z 10008140 f   mathlib:mathlib_base.obj
 0001:00007240       ?Catmull_Rom_Spline_NormalizeX@@YAXABVVector@@000MAAV1@@Z 10008240 f   mathlib:mathlib_base.obj
 0001:00007290       ?Hermite_Spline@@YAXABVVector@@000MAAV1@@Z 10008290 f   mathlib:mathlib_base.obj
 0001:00007350       ?Hermite_Spline@@YAMMMMMM@Z 10008350 f   mathlib:mathlib_base.obj
 0001:000073f0       ?Hermite_SplineBasis@@YAXMQAM@Z 100083f0 f   mathlib:mathlib_base.obj
 0001:00007450       ?Hermite_Spline@@YAXABVVector@@00MAAV1@@Z 10008450 f   mathlib:mathlib_base.obj
 0001:000074f0       ?Hermite_Spline@@YAMMMMM@Z 100084f0 f   mathlib:mathlib_base.obj
 0001:00007540       ?Hermite_Spline@@YAXABVQuaternion@@00MAAV1@@Z 10008540 f   mathlib:mathlib_base.obj
 0001:00007690       ?Kochanek_Bartels_Spline@@YAXMMMABVVector@@000MAAV1@@Z 10008690 f   mathlib:mathlib_base.obj
 0001:00007a60       ?Kochanek_Bartels_Spline_NormalizeX@@YAXMMMABVVector@@000MAAV1@@Z 10008a60 f   mathlib:mathlib_base.obj
 0001:00007ad0       ?Cubic_Spline@@YAXABVVector@@000MAAV1@@Z 10008ad0 f   mathlib:mathlib_base.obj
 0001:00007c30       ?Cubic_Spline_NormalizeX@@YAXABVVector@@000MAAV1@@Z 10008c30 f   mathlib:mathlib_base.obj
 0001:00007c80       ?BSpline@@YAXABVVector@@000MAAV1@@Z 10008c80 f   mathlib:mathlib_base.obj
 0001:00007fa0       ?BSpline_NormalizeX@@YAXABVVector@@000MAAV1@@Z 10008fa0 f   mathlib:mathlib_base.obj
 0001:00007ff0       ?Parabolic_Spline@@YAXABVVector@@000MAAV1@@Z 10008ff0 f   mathlib:mathlib_base.obj
 0001:000081c0       ?Parabolic_Spline_NormalizeX@@YAXABVVector@@000MAAV1@@Z 100091c0 f   mathlib:mathlib_base.obj
 0001:00008210       ?RangeCompressor@@YAMMMMM@Z 10009210 f   mathlib:mathlib_base.obj
 0001:00008310       ?CalcSqrDistanceToAABB@@YAMABVVector@@00@Z 10009310 f   mathlib:mathlib_base.obj
 0001:000083e0       ?CalcClosestPointOnAABB@@YAXABVVector@@00AAV1@@Z 100093e0 f   mathlib:mathlib_base.obj
 0001:00008490       ?CalcClosestPointToLineT@@YAMABVVector@@00AAV1@@Z 10009490 f   mathlib:mathlib_base.obj
 0001:00008540       ?CalcClosestPointOnLine@@YAXABVVector@@00AAV1@PAM@Z 10009540 f   mathlib:mathlib_base.obj
 0001:000085a0       ?CalcDistanceToLine@@YAMABVVector@@00PAM@Z 100095a0 f   mathlib:mathlib_base.obj
 0001:00008640       ?CalcClosestPointOnLineSegment@@YAXABVVector@@00AAV1@PAM@Z 10009640 f   mathlib:mathlib_base.obj
 0001:000086d0       ?CalcDistanceToLineSegment@@YAMABVVector@@00PAM@Z 100096d0 f   mathlib:mathlib_base.obj
 0001:00008740       ?CalcClosestPointToLineT2D@@YAMABVVector2D@@00AAV1@@Z 10009740 f   mathlib:mathlib_base.obj
 0001:000087c0       ?CalcClosestPointOnLine2D@@YAXABVVector2D@@00AAV1@PAM@Z 100097c0 f   mathlib:mathlib_base.obj
 0001:00008810       ?CalcDistanceToLine2D@@YAMABVVector2D@@00PAM@Z 10009810 f   mathlib:mathlib_base.obj
 0001:00008890       ?CalcDistanceSqrToLine2D@@YAMABVVector2D@@00PAM@Z 10009890 f   mathlib:mathlib_base.obj
 0001:00008900       ?CalcClosestPointOnLineSegment2D@@YAXABVVector2D@@00AAV1@PAM@Z 10009900 f   mathlib:mathlib_base.obj
 0001:00008980       ?CalcDistanceToLineSegment2D@@YAMABVVector2D@@00PAM@Z 10009980 f   mathlib:mathlib_base.obj
 0001:000089e0       ?CalcDistanceSqrToLineSegment2D@@YAMABVVector2D@@00PAM@Z 100099e0 f   mathlib:mathlib_base.obj
 0001:00008a30       ?CalcLineToLineIntersectionSegment@@YA_NABVVector@@000PAV1@1PAM2@Z 10009a30 f   mathlib:mathlib_base.obj
 0001:00008c70       ?MathLib_3DNowEnabled@@YA_NXZ 10009c70 f   mathlib:mathlib_base.obj
 0001:00008c80       ?MathLib_MMXEnabled@@YA_NXZ 10009c80 f   mathlib:mathlib_base.obj
 0001:00008c90       ?MathLib_SSEEnabled@@YA_NXZ 10009c90 f   mathlib:mathlib_base.obj
 0001:00008ca0       ?MathLib_SSE2Enabled@@YA_NXZ 10009ca0 f   mathlib:mathlib_base.obj
 0001:00008cb0       ?Approach@@YAMMMM@Z        10009cb0 f   mathlib:mathlib_base.obj
 0001:00008d10       ?ApproachAngle@@YAMMMM@Z   10009d10 f   mathlib:mathlib_base.obj
 0001:00008e00       ?AngleDiff@@YAMMM@Z        10009e00 f   mathlib:mathlib_base.obj
 0001:00008e80       ?AngleDistance@@YAMMM@Z    10009e80 f   mathlib:mathlib_base.obj
 0001:00008ed0       ?AngleNormalize@@YAMM@Z    10009ed0 f   mathlib:mathlib_base.obj
 0001:00008f30       ?AngleNormalizePositive@@YAMM@Z 10009f30 f   mathlib:mathlib_base.obj
 0001:00008f70       ?AnglesAreEqual@@YA_NMMM@Z 10009f70 f   mathlib:mathlib_base.obj
 0001:00008fb0       ?ComputeTrianglePlane@@YAXABVVector@@00AAV1@AAM@Z 10009fb0 f   mathlib:mathlib_base.obj
 0001:00009060       ?PolyFromPlane@@YAHPAVVector@@ABV1@MM@Z 1000a060 f   mathlib:mathlib_base.obj
 0001:000092e0       ?ClipPolyToPlane@@YAHPAVVector@@H0ABV1@MM@Z 1000a2e0 f   mathlib:mathlib_base.obj
 0001:00009610       ?ClipPolyToPlane_Precise@@YAHPANH0PBNNN@Z 1000a610 f   mathlib:mathlib_base.obj
 0001:00009850       ?ColorRGBExp32ToVector@@YAXABUColorRGBExp32@@AAVVector@@@Z 1000a850 f   mathlib:mathlib_base.obj
 0001:00009960       ?CeilPow2@@YAHH@Z          1000a960 f   mathlib:mathlib_base.obj
 0001:00009980       ?FloorPow2@@YAHH@Z         1000a980 f   mathlib:mathlib_base.obj
 0001:000099a0       ??$_Pow_int@M@@YAMMH@Z     1000a9a0 f i mathlib:mathlib_base.obj
 0001:000099f0       ??$swap@M@@YAXAAM0@Z       1000a9f0 f i mathlib:mathlib_base.obj
 0001:00009a10       ?pow@@YAMMH@Z              1000aa10 f i mathlib:mathlib_base.obj
 0001:00009a30       ?DistToSqr@Vector@@QBEMABV1@@Z 1000aa30 f i mathlib:mathlib_base.obj
 0001:00009a80       ?VectorRotate@@YAXABVVector@@ABUmatrix3x4_t@@AAV1@@Z 1000aa80 f i mathlib:mathlib_base.obj
 0001:00009ae0       ?VectorIRotate@@YAXABVVector@@ABUmatrix3x4_t@@AAV1@@Z 1000aae0 f i mathlib:mathlib_base.obj
 0001:00009b40       ?MatrixAngles@@YAXABUmatrix3x4_t@@AAVQAngle@@@Z 1000ab40 f i mathlib:mathlib_base.obj
 0001:00009b50       ?MatrixAngles@@YAXABUmatrix3x4_t@@AAVRadianEuler@@@Z 1000ab50 f i mathlib:mathlib_base.obj
 0001:00009ba0       ?VectorTransform@@YAXABVVector@@ABUmatrix3x4_t@@AAV1@@Z 1000aba0 f i mathlib:mathlib_base.obj
 0001:00009bb0       ?VectorITransform@@YAXABVVector@@ABUmatrix3x4_t@@AAV1@@Z 1000abb0 f i mathlib:mathlib_base.obj
 0001:00009bc0       ?BoxOnPlaneSide@@YAHABVVector@@0PBUcplane_t@@@Z 1000abc0 f i mathlib:mathlib_base.obj
 0001:00009bd0       ?MatrixAngles@@YAXABUmatrix3x4_t@@AAVRadianEuler@@AAVVector@@@Z 1000abd0 f   mathlib:mathlib_base.obj
 0001:00009c30       ?MatrixAngles@@YAXABUmatrix3x4_t@@AAVQuaternion@@AAVVector@@@Z 1000ac30 f   mathlib:mathlib_base.obj
 0001:00009d50       ?VectorRotate@@YAXABVVector@@ABVQAngle@@AAV1@@Z 1000ad50 f   mathlib:mathlib_base.obj
 0001:00009dd0       ?TransformAnglesToWorldSpace@@YA?AVQAngle@@ABV1@ABUmatrix3x4_t@@@Z 1000add0 f   mathlib:mathlib_base.obj
 0001:00009e30       ?MatrixInitialize@@YAXAAUmatrix3x4_t@@ABVVector@@111@Z 1000ae30 f   mathlib:mathlib_base.obj
 0001:00009e90       ?MatrixInvert@@YAXABUmatrix3x4_t@@AAU1@@Z 1000ae90 f   mathlib:mathlib_base.obj
 0001:00009f90       ?AngleMatrix@@YAXABVRadianEuler@@AAUmatrix3x4_t@@@Z 1000af90 f   mathlib:mathlib_base.obj
 0001:00009fd0       ?AngleMatrix@@YAXABVQAngle@@ABVVector@@AAUmatrix3x4_t@@@Z 1000afd0 f   mathlib:mathlib_base.obj
 0001:0000a000       ?AngleIMatrix@@YAXABVRadianEuler@@AAUmatrix3x4_t@@@Z 1000b000 f   mathlib:mathlib_base.obj
 0001:0000a040       ?AngleIMatrix@@YAXABVQAngle@@ABVVector@@AAUmatrix3x4_t@@@Z 1000b040 f   mathlib:mathlib_base.obj
 0001:0000a0e0       ?BuildExponentTable@@YAXXZ 1000b0e0 f   mathlib:mathlib_base.obj
 0001:0000a170       ?BuildGammaTable@@YAXMMMH@Z 1000b170 f   mathlib:mathlib_base.obj
 0001:0000a480       ?SolveInverseQuadraticMonotonic@@YA_NMMMMMMAAM00@Z 1000b480 f   mathlib:mathlib_base.obj
 0001:0000a670       ?QuaternionBlendNoAlign@@YAXABVQuaternion@@0MAAV1@@Z 1000b670 f   mathlib:mathlib_base.obj
 0001:0000a740       ?QuaternionIdentityBlend@@YAXABVQuaternion@@MAAV1@@Z 1000b740 f   mathlib:mathlib_base.obj
 0001:0000a7b0       ?QuaternionSlerp@@YAXABVQuaternion@@0MAAV1@@Z 1000b7b0 f   mathlib:mathlib_base.obj
 0001:0000a7f0       ?QuaternionAngleDiff@@YAMABVQuaternion@@0@Z 1000b7f0 f   mathlib:mathlib_base.obj
 0001:0000a880       ?QuaternionInvert@@YAXABVQuaternion@@AAV1@@Z 1000b880 f   mathlib:mathlib_base.obj
 0001:0000a910       ?QuaternionMatrix@@YAXABVQuaternion@@ABVVector@@AAUmatrix3x4_t@@@Z 1000b910 f   mathlib:mathlib_base.obj
 0001:0000a940       ?AngleQuaternion@@YAXABVQAngle@@AAVQuaternion@@@Z 1000b940 f   mathlib:mathlib_base.obj
 0001:0000a980       ?QuaternionAngles@@YAXABVQuaternion@@AAVQAngle@@@Z 1000b980 f   mathlib:mathlib_base.obj
 0001:0000a9c0       ?BasisToQuaternion@@YAXABVVector@@00AAVQuaternion@@@Z 1000b9c0 f   mathlib:mathlib_base.obj
 0001:0000aa80       ?QuaternionAngles@@YAXABVQuaternion@@AAVRadianEuler@@@Z 1000ba80 f   mathlib:mathlib_base.obj
 0001:0000aaf0       ?TransformAABB@@YAXABUmatrix3x4_t@@ABVVector@@1AAV2@2@Z 1000baf0 f   mathlib:mathlib_base.obj
 0001:0000aca0       ?ITransformAABB@@YAXABUmatrix3x4_t@@ABVVector@@1AAV2@2@Z 1000bca0 f   mathlib:mathlib_base.obj
 0001:0000ae50       ?RotateAABB@@YAXABUmatrix3x4_t@@ABVVector@@1AAV2@2@Z 1000be50 f   mathlib:mathlib_base.obj
 0001:0000b040       ?IRotateAABB@@YAXABUmatrix3x4_t@@ABVVector@@1AAV2@2@Z 1000c040 f   mathlib:mathlib_base.obj
 0001:0000b230       ?CalcDistanceSqrToLine@@YAMABVVector@@00PAM@Z 1000c230 f   mathlib:mathlib_base.obj
 0001:0000b2c0       ?CalcDistanceSqrToLineSegment@@YAMABVVector@@00PAM@Z 1000c2c0 f   mathlib:mathlib_base.obj
 0001:0000b330       ?MathLib_Init@@YAXMMMH_N000@Z 1000c330 f   mathlib:mathlib_base.obj
 0001:0000b4c0       ?RotationDeltaAxisAngle@@YAXABVQAngle@@0AAVVector@@AAM@Z 1000c4c0 f   mathlib:mathlib_base.obj
 0001:0000b570       ?RotationDelta@@YAXABVQAngle@@0PAV1@@Z 1000c570 f   mathlib:mathlib_base.obj
 0001:0000b610       ?VectorToColorRGBExp32@@YAXABVVector@@AAUColorRGBExp32@@@Z 1000c610 f   mathlib:mathlib_base.obj
 0001:0000b7a0       ?R_CullBox@@YA_NABVVector@@0ABVFrustum_t@@@Z 1000c7a0 f   mathlib:mathlib_base.obj
 0001:0000b830       ?R_CullBoxSkipNear@@YA_NABVVector@@0ABVFrustum_t@@@Z 1000c830 f   mathlib:mathlib_base.obj
 0001:0000b8b0       ?TransformAnglesToLocalSpace@@YA?AVQAngle@@ABV1@ABUmatrix3x4_t@@@Z 1000c8b0 f   mathlib:mathlib_base.obj
 0001:0000b920       ?AngleMatrix@@YAXABVRadianEuler@@ABVVector@@AAUmatrix3x4_t@@@Z 1000c920 f   mathlib:mathlib_base.obj
 0001:0000b970       ?QuaternionBlend@@YAXABVQuaternion@@0MAAV1@@Z 1000c970 f   mathlib:mathlib_base.obj
 0001:0000b9b0       ?OneTimeInit@ConCommandBaseMgr@@SAXPAVIConCommandBaseAccessor@@@Z 1000c9b0 f   tier1:convar.obj
 0001:0000b9e0       ??0ConCommandBase@@QAE@XZ  1000c9e0 f   tier1:convar.obj
 0001:0000ba00       ??1ConCommandBase@@UAE@XZ  1000ca00 f   tier1:convar.obj
 0001:0000ba10       ?IsCommand@ConCommandBase@@UBE_NXZ 1000ca10 f   tier1:convar.obj
 0001:0000ba20       ?Create@ConCommandBase@@MAEXPBD0H@Z 1000ca20 f   tier1:convar.obj
 0001:0000ba70       ?Init@ConCommandBase@@MAEXXZ 1000ca70 f   tier1:convar.obj
 0001:0000ba90       ?GetCommands@ConCommandBase@@SAPBV1@XZ 1000ca90 f   tier1:convar.obj
 0001:0000baa0       ?AddToList@ConCommandBase@@SAXPAV1@@Z 1000caa0 f   tier1:convar.obj
 0001:0000bac0       ?GetName@ConCommandBase@@UBEPBDXZ 1000cac0 f   tier1:convar.obj
 0001:0000bad0       ?RemoveFlaggedCommands@ConCommandBase@@SAXH@Z 1000cad0 f   tier1:convar.obj
 0001:0000bb10       ?IsBitSet@ConCommandBase@@UBE_NH@Z 1000cb10 f   tier1:convar.obj
 0001:0000bb20       ?AddFlags@ConCommandBase@@UAEXH@Z 1000cb20 f   tier1:convar.obj
 0001:0000bb30       ?GetNext@ConCommandBase@@QBEPBV1@XZ 1000cb30 f   tier1:convar.obj
 0001:0000bb40       ?SetNext@ConCommandBase@@QAEXPAV1@@Z 1000cb40 f   tier1:convar.obj
 0001:0000bb50       ?CopyString@ConCommandBase@@IAEPADPBD@Z 1000cb50 f   tier1:convar.obj
 0001:0000bba0       ?GetHelpText@ConCommandBase@@UBEPBDXZ 1000cba0 f   tier1:convar.obj
 0001:0000bbb0       ?IsRegistered@ConCommandBase@@UBE_NXZ 1000cbb0 f   tier1:convar.obj
 0001:0000bbc0       ??1ConCommand@@UAE@XZ      1000cbc0 f   tier1:convar.obj
 0001:0000bbd0       ?IsCommand@ConCommand@@UBE_NXZ 1000cbd0 f   tier1:convar.obj
 0001:0000bbe0       ?Dispatch@ConCommand@@UAEXXZ 1000cbe0 f   tier1:convar.obj
 0001:0000bbf0       ?DefaultCompletionFunc@@YAHPBDQAY0EA@D@Z 1000cbf0 f   tier1:convar.obj
 0001:0000bc00       ?Create@ConCommand@@EAEXPBDP6AXXZ0HP6AH0QAY0EA@D@Z@Z 1000cc00 f   tier1:convar.obj
 0001:0000bc80       ?AutoCompleteSuggest@ConCommand@@UAEHPBDQAY0EA@D@Z 1000cc80 f   tier1:convar.obj
 0001:0000bca0       ?CanAutoComplete@ConCommand@@UAE_NXZ 1000cca0 f   tier1:convar.obj
 0001:0000bcb0       ??1ConVar@@UAE@XZ          1000ccb0 f   tier1:convar.obj
 0001:0000bd20       ?InstallChangeCallback@ConVar@@QAEXP6AXPAV1@PBD@Z@Z 1000cd20 f   tier1:convar.obj
 0001:0000bd40       ?IsBitSet@ConVar@@UBE_NH@Z 1000cd40 f   tier1:convar.obj
 0001:0000bd60       ?GetHelpText@ConVar@@UBEPBDXZ 1000cd60 f   tier1:convar.obj
 0001:0000bd70       ?AddFlags@ConVar@@UAEXH@Z  1000cd70 f   tier1:convar.obj
 0001:0000bd80       ?IsRegistered@ConVar@@UBE_NXZ 1000cd80 f   tier1:convar.obj
 0001:0000bd90       ?GetName@ConVar@@UBEPBDXZ  1000cd90 f   tier1:convar.obj
 0001:0000bda0       ?IsCommand@ConVar@@UBE_NXZ 1000cda0 f   tier1:convar.obj
 0001:0000bdb0       ?Init@ConVar@@EAEXXZ       1000cdb0 f   tier1:convar.obj
 0001:0000bdd0       ?InternalSetValue@ConVar@@EAEXPBD@Z 1000cdd0 f   tier1:convar.obj
 0001:0000be60       ?ChangeStringValue@ConVar@@EAEXPBD@Z 1000ce60 f   tier1:convar.obj
 0001:0000bf10       ?ClampValue@ConVar@@EAE_NAAM@Z 1000cf10 f   tier1:convar.obj
 0001:0000bf60       ?InternalSetFloatValue@ConVar@@EAEXM@Z 1000cf60 f   tier1:convar.obj
 0001:0000c000       ?InternalSetIntValue@ConVar@@EAEXH@Z 1000d000 f   tier1:convar.obj
 0001:0000c090       ?Create@ConVar@@EAEXPBD0H0_NM1MP6AXPAV1@0@Z@Z 1000d090 f   tier1:convar.obj
 0001:0000c170       ?SetValue@ConVar@@UAEXPBD@Z 1000d170 f   tier1:convar.obj
 0001:0000c180       ?SetValue@ConVar@@UAEXM@Z  1000d180 f   tier1:convar.obj
 0001:0000c1a0       ?SetValue@ConVar@@UAEXH@Z  1000d1a0 f   tier1:convar.obj
 0001:0000c1b0       ?Revert@ConVar@@QAEXXZ     1000d1b0 f   tier1:convar.obj
 0001:0000c1c0       ?RevertAll@ConVar@@SAXXZ   1000d1c0 f   tier1:convar.obj
 0001:0000c200       ?GetMin@ConVar@@QBE_NAAM@Z 1000d200 f   tier1:convar.obj
 0001:0000c220       ?GetMax@ConVar@@QBE_NAAM@Z 1000d220 f   tier1:convar.obj
 0001:0000c240       ?GetDefault@ConVar@@QBEPBDXZ 1000d240 f   tier1:convar.obj
 0001:0000c250       ??_EConCommandBase@@UAEPAXI@Z 1000d250 f i tier1:convar.obj
 0001:0000c250       ??_GConCommandBase@@UAEPAXI@Z 1000d250 f i tier1:convar.obj
 0001:0000c280       ??0ConCommandBase@@QAE@PBD0H@Z 1000d280 f   tier1:convar.obj
 0001:0000c2e0       ?FindCommand@ConCommandBase@@SAPBV1@PBD@Z 1000d2e0 f   tier1:convar.obj
 0001:0000c320       ?RevertFlaggedCvars@ConCommandBase@@SAXH@Z 1000d320 f   tier1:convar.obj
 0001:0000c3a0       ??0ConCommand@@QAE@PBDP6AXXZ0HP6AH0QAY0EA@D@Z@Z 1000d3a0 f   tier1:convar.obj
 0001:0000c420       ??_EConCommand@@UAEPAXI@Z  1000d420 f i tier1:convar.obj
 0001:0000c420       ??_GConCommand@@UAEPAXI@Z  1000d420 f i tier1:convar.obj
 0001:0000c450       ??0ConVar@@QAE@PBD0H@Z     1000d450 f   tier1:convar.obj
 0001:0000c4d0       ??_GConVar@@UAEPAXI@Z      1000d4d0 f i tier1:convar.obj
 0001:0000c4d0       ??_EConVar@@UAEPAXI@Z      1000d4d0 f i tier1:convar.obj
 0001:0000c550       ??0ConVar@@QAE@PBD0H0@Z    1000d550 f   tier1:convar.obj
 0001:0000c5d0       ??0ConVar@@QAE@PBD0H0_NM1M@Z 1000d5d0 f   tier1:convar.obj
 0001:0000c660       ??0ConVar@@QAE@PBD0H0P6AXPAV0@0@Z@Z 1000d660 f   tier1:convar.obj
 0001:0000c6e0       ??0ConVar@@QAE@PBD0H0_NM1MP6AXPAV0@0@Z@Z 1000d6e0 f   tier1:convar.obj
 0001:0000c770       ?strchr@@YAPADPADH@Z       1000d770 f i tier1:strtools.obj
 0001:0000c780       ?strstr@@YAPADPADPBD@Z     1000d780 f i tier1:strtools.obj
 0001:0000c790       ?_V_strlen@@YAHPBDH0@Z     1000d790 f   tier1:strtools.obj
 0001:0000c7c0       ?_V_wcslen@@YAHPBDHPB_W@Z  1000d7c0 f   tier1:strtools.obj
 0001:0000c7f0       ?_V_strrchr@@YAPADPBDH0D@Z 1000d7f0 f   tier1:strtools.obj
 0001:0000c840       ?_V_strcmp@@YAHPBDH00@Z    1000d840 f   tier1:strtools.obj
 0001:0000c8a0       ?_V_wcscmp@@YAHPBDHPB_W1@Z 1000d8a0 f   tier1:strtools.obj
 0001:0000c8e0       ?_V_stricmp@@YAHPBDH00@Z   1000d8e0 f   tier1:strtools.obj
 0001:0000c920       ?_V_strstr@@YAPADPBDH00@Z  1000d920 f   tier1:strtools.obj
 0001:0000c960       ?_V_strupr@@YAPADPBDHPAD@Z 1000d960 f   tier1:strtools.obj
 0001:0000c980       ?_V_strlower@@YAPADPBDHPAD@Z 1000d980 f   tier1:strtools.obj
 0001:0000c9a0       ?V_strncmp@@YAHPBD0H@Z     1000d9a0 f   tier1:strtools.obj
 0001:0000c9f0       ?V_strnlwr@@YAPADPADI@Z    1000d9f0 f   tier1:strtools.obj
 0001:0000ca30       ?V_strncasecmp@@YAHPBD0H@Z 1000da30 f   tier1:strtools.obj
 0001:0000cab0       ?V_strcasecmp@@YAHPBD0@Z   1000dab0 f   tier1:strtools.obj
 0001:0000caf0       ?V_strnicmp@@YAHPBD0H@Z    1000daf0 f   tier1:strtools.obj
 0001:0000cb30       ?V_atoi@@YAHPBD@Z          1000db30 f   tier1:strtools.obj
 0001:0000cbe0       ?V_atof@@YAMPBD@Z          1000dbe0 f   tier1:strtools.obj
 0001:0000cd60       ?V_normalizeFloatString@@YAXPAD@Z 1000dd60 f   tier1:strtools.obj
 0001:0000cdc0       ?V_stristr@@YAPBDPBD0@Z    1000ddc0 f   tier1:strtools.obj
 0001:0000ce80       ?V_stristr@@YAPADPADPBD@Z  1000de80 f   tier1:strtools.obj
 0001:0000cec0       ?V_strnistr@@YAPBDPBD0H@Z  1000dec0 f   tier1:strtools.obj
 0001:0000cfb0       ?V_strnchr@@YAPBDPBDDH@Z   1000dfb0 f   tier1:strtools.obj
 0001:0000cfe0       ?V_strncat@@YAPADPADPBDIH@Z 1000dfe0 f   tier1:strtools.obj
 0001:0000d0a0       ?V_hextobinary@@YAXPBDHPAEH@Z 1000e0a0 f   tier1:strtools.obj
 0001:0000d160       ?V_StripTrailingSlash@@YAXPAD@Z 1000e160 f   tier1:strtools.obj
 0001:0000d1a0       ?V_DefaultExtension@@YAXPADPBDH@Z 1000e1a0 f   tier1:strtools.obj
 0001:0000d250       ?V_StripFilename@@YAXPAD@Z 1000e250 f   tier1:strtools.obj
 0001:0000d290       ?V_FixSlashes@@YAXPADD@Z   1000e290 f   tier1:strtools.obj
 0001:0000d2c0       ?V_UnqualifiedFileName@@YAPBDPBD@Z 1000e2c0 f   tier1:strtools.obj
 0001:0000d300       ?V_ExtractFilePath@@YA_NPBDPADH@Z 1000e300 f   tier1:strtools.obj
 0001:0000d370       ?V_GetFileExtension@@YAPBDPBD@Z 1000e370 f   tier1:strtools.obj
 0001:0000d3c0       ?V_RemoveDotSlashes@@YA_NPAD@Z 1000e3c0 f   tier1:strtools.obj
 0001:0000d4d0       ?V_AppendSlash@@YAXPADH@Z  1000e4d0 f   tier1:strtools.obj
 0001:0000d520       ?V_IsAbsolutePath@@YA_NPBD@Z 1000e520 f   tier1:strtools.obj
 0001:0000d5a0       ?V_StrSlice@@YAXPBDHHPADH@Z 1000e5a0 f   tier1:strtools.obj
 0001:0000d650       ?V_StrLeft@@YAXPBDHPADH@Z  1000e650 f   tier1:strtools.obj
 0001:0000d680       ?V_strtowcs@@YAXPBDHPA_WH@Z 1000e680 f   tier1:strtools.obj
 0001:0000d6b0       ?V_wcstostr@@YAXPB_WHPADH@Z 1000e6b0 f   tier1:strtools.obj
 0001:0000d6e0       ??$AssertValidWritePtr@X@@YAXPAXH@Z 1000e6e0 f i tier1:strtools.obj
 0001:0000d6f0       ??$AssertValidReadPtr@$$CBX@@YAXPBXH@Z 1000e6f0 f i tier1:strtools.obj
 0001:0000d700       ??$AssertValidWritePtr@D@@YAXPADH@Z 1000e700 f i tier1:strtools.obj
 0001:0000d710       ??$AssertValidWritePtr@_W@@YAXPA_WH@Z 1000e710 f i tier1:strtools.obj
 0001:0000d720       ??$AssertValidReadPtr@$$CB_W@@YAXPB_WH@Z 1000e720 f i tier1:strtools.obj
 0001:0000d730       ?Base@?$CUtlMemory@PAD@@QAEPAPADXZ 1000e730 f i tier1:strtools.obj
 0001:0000d740       ??$CopyConstruct@PAD@@YAXPAPADABQAD@Z 1000e740 f i tier1:strtools.obj
 0001:0000d760       ??$Destruct@PAD@@YAXPAPAD@Z 1000e760 f i tier1:strtools.obj
 0001:0000d770       ?IsExternallyAllocated@?$CUtlMemory@PAD@@QBE_NXZ 1000e770 f i tier1:strtools.obj
 0001:0000d780       ?NumAllocated@?$CUtlMemory@PAD@@QBEHXZ 1000e780 f i tier1:strtools.obj
 0001:0000d790       ?Grow@?$CUtlMemory@PAD@@QAEXH@Z 1000e790 f i tier1:strtools.obj
 0001:0000d800       ?_V_memset@@YAXPBDHPAXHH@Z 1000e800 f   tier1:strtools.obj
 0001:0000d830       ?_V_memcpy@@YAXPBDHPAXPBXH@Z 1000e830 f   tier1:strtools.obj
 0001:0000d860       ?_V_memmove@@YAXPBDHPAXPBXH@Z 1000e860 f   tier1:strtools.obj
 0001:0000d890       ?_V_memcmp@@YAHPBDHPBX1H@Z 1000e890 f   tier1:strtools.obj
 0001:0000d930       ?_V_strcpy@@YAXPBDHPAD0@Z  1000e930 f   tier1:strtools.obj
 0001:0000d970       ?V_strncpy@@YAXPADPBDH@Z   1000e970 f   tier1:strtools.obj
 0001:0000d9b0       ?V_wcsncpy@@YAXPA_WPB_WH@Z 1000e9b0 f   tier1:strtools.obj
 0001:0000d9f0       ?V_snprintf@@YAHPADHPBDZZ  1000e9f0 f   tier1:strtools.obj
 0001:0000da40       ?V_vsnprintf@@YAHPADHPBD0@Z 1000ea40 f   tier1:strtools.obj
 0001:0000da90       ?V_pretifymem@@YAPADMH_N@Z 1000ea90 f   tier1:strtools.obj
 0001:0000dc40       ?V_pretifynum@@YAPAD_J@Z   1000ec40 f   tier1:strtools.obj
 0001:0000df40       ?V_UTF8ToUnicode@@YAHPBDPA_WH@Z 1000ef40 f   tier1:strtools.obj
 0001:0000df90       ?V_UnicodeToUTF8@@YAHPB_WPADH@Z 1000ef90 f   tier1:strtools.obj
 0001:0000dfe0       ?V_binarytohex@@YAXPBEHPADH@Z 1000efe0 f   tier1:strtools.obj
 0001:0000e0b0       ?V_FileBase@@YAXPBDPADH@Z  1000f0b0 f   tier1:strtools.obj
 0001:0000e180       ?V_StripExtension@@YAXPBDPADH@Z 1000f180 f   tier1:strtools.obj
 0001:0000e220       ?V_SetExtension@@YAXPADPBDH@Z 1000f220 f   tier1:strtools.obj
 0001:0000e250       ?V_StripLastDir@@YA_NPADH@Z 1000f250 f   tier1:strtools.obj
 0001:0000e300       ?V_ComposeFileName@@YAXPBD0PADH@Z 1000f300 f   tier1:strtools.obj
 0001:0000e400       ?V_ExtractFileExtension@@YAXPBDPADH@Z 1000f400 f   tier1:strtools.obj
 0001:0000e480       ?V_MakeAbsolutePath@@YAXPADHPBD1@Z 1000f480 f   tier1:strtools.obj
 0001:0000e620       ?V_StrSubst@@YA_NPBD00PADH_N@Z 1000f620 f   tier1:strtools.obj
 0001:0000e7a0       ?AllocString@@YAPADPBDH@Z  1000f7a0 f   tier1:strtools.obj
 0001:0000e820       ?V_StrRight@@YAXPBDHPADH@Z 1000f820 f   tier1:strtools.obj
 0001:0000e8b0       ?Base@?$CUtlVector@PADV?$CUtlMemory@PAD@@@@QAEPAPADXZ 1000f8b0 f i tier1:strtools.obj
 0001:0000e8c0       ?Purge@?$CUtlMemory@PAD@@QAEXXZ 1000f8c0 f i tier1:strtools.obj
 0001:0000e8f0       ?Element@?$CUtlVector@PADV?$CUtlMemory@PAD@@@@QAEAAPADH@Z 1000f8f0 f i tier1:strtools.obj
 0001:0000e900       ?ShiftElementsRight@?$CUtlVector@PADV?$CUtlMemory@PAD@@@@IAEXHH@Z 1000f900 f i tier1:strtools.obj
 0001:0000e940       ?ResetDbgInfo@?$CUtlVector@PADV?$CUtlMemory@PAD@@@@IAEXXZ 1000f940 f i tier1:strtools.obj
 0001:0000e950       ?RemoveAll@?$CUtlVector@PADV?$CUtlMemory@PAD@@@@QAEXXZ 1000f950 f i tier1:strtools.obj
 0001:0000e960       ?GrowVector@?$CUtlVector@PADV?$CUtlMemory@PAD@@@@IAEXH@Z 1000f960 f i tier1:strtools.obj
 0001:0000e9a0       ?Purge@?$CUtlVector@PADV?$CUtlMemory@PAD@@@@QAEXXZ 1000f9a0 f i tier1:strtools.obj
 0001:0000e9f0       ?InsertBefore@?$CUtlVector@PADV?$CUtlMemory@PAD@@@@QAEHHABQAD@Z 1000f9f0 f i tier1:strtools.obj
 0001:0000ea60       ?AddToTail@?$CUtlVector@PADV?$CUtlMemory@PAD@@@@QAEHABQAD@Z 1000fa60 f i tier1:strtools.obj
 0001:0000ea80       ?V_SplitString2@@YAXPBDPAPBDHAAV?$CUtlVector@PADV?$CUtlMemory@PAD@@@@@Z 1000fa80 f   tier1:strtools.obj
 0001:0000ecb0       ?V_SplitString@@YAXPBD0AAV?$CUtlVector@PADV?$CUtlMemory@PAD@@@@@Z 1000fcb0 f   tier1:strtools.obj
 0001:0000ecd0       ?swprintf@@YAHPA_WPB_WZZ   1000fcd0 f i tier1:KeyValues.obj
 0001:0000ecf0       ?V_memcpy@@YAXPAXPBXH@Z    1000fcf0 f i tier1:KeyValues.obj
 0001:0000ed00       ??AColor@@QAEAAEH@Z        1000fd00 f i tier1:KeyValues.obj
 0001:0000ed10       ?IsText@CUtlBuffer@@QBE_NXZ 1000fd10 f i tier1:KeyValues.obj
 0001:0000ed20       ?IsValid@CUtlBuffer@@QBE_NXZ 1000fd20 f i tier1:KeyValues.obj
 0001:0000ed30       ??0CKeyValuesErrorStack@@QAE@XZ 1000fd30 f i tier1:KeyValues.obj
 0001:0000ed50       ?SetFilename@CKeyValuesErrorStack@@QAEXPBD@Z 1000fd50 f i tier1:KeyValues.obj
 0001:0000ed70       ?Push@CKeyValuesErrorStack@@QAEHH@Z 1000fd70 f i tier1:KeyValues.obj
 0001:0000edb0       ?Pop@CKeyValuesErrorStack@@QAEXXZ 1000fdb0 f i tier1:KeyValues.obj
 0001:0000edc0       ?Reset@CKeyValuesErrorStack@@QAEXHH@Z 1000fdc0 f i tier1:KeyValues.obj
 0001:0000edd0       ?ReportError@CKeyValuesErrorStack@@QAEXPBD@Z 1000fdd0 f i tier1:KeyValues.obj
 0001:0000ee70       ??1CKeyErrorContext@@QAE@XZ 1000fe70 f i tier1:KeyValues.obj
 0001:0000ee80       ?Reset@CKeyErrorContext@@QAEXH@Z 1000fe80 f i tier1:KeyValues.obj
 0001:0000eea0       ?Init@CKeyErrorContext@@AAEXH@Z 1000fea0 f i tier1:KeyValues.obj
 0001:0000eee0       ?Init@KeyValues@@AAEXXZ    1000fee0 f   tier1:KeyValues.obj
 0001:0000ef10       ??1KeyValues@@AAE@XZ       1000ff10 f   tier1:KeyValues.obj
 0001:0000ef20       ?ChainKeyValue@KeyValues@@QAEXPAV1@@Z 1000ff20 f   tier1:KeyValues.obj
 0001:0000ef30       ?GetName@KeyValues@@QBEPBDXZ 1000ff30 f   tier1:KeyValues.obj
 0001:0000ef50       ?GetNameSymbol@KeyValues@@QBEHXZ 1000ff50 f   tier1:KeyValues.obj
 0001:0000ef60       ?ReadToken@KeyValues@@AAEPBDAAVCUtlBuffer@@AA_N@Z 1000ff60 f   tier1:KeyValues.obj
 0001:0000f0c0       ?UsesEscapeSequences@KeyValues@@QAEX_N@Z 100100c0 f   tier1:KeyValues.obj
 0001:0000f0d0       ?InternalWrite@KeyValues@@AAEXPAVIBaseFileSystem@@PAXPAVCUtlBuffer@@PBXH@Z 100100d0 f   tier1:KeyValues.obj
 0001:0000f110       ?FindKey@KeyValues@@QBEPAV1@H@Z 10010110 f   tier1:KeyValues.obj
 0001:0000f140       ?RemoveSubKey@KeyValues@@QAEXPAV1@@Z 10010140 f   tier1:KeyValues.obj
 0001:0000f1a0       ?GetFirstSubKey@KeyValues@@QAEPAV1@XZ 100101a0 f   tier1:KeyValues.obj
 0001:0000f1b0       ?GetNextKey@KeyValues@@QAEPAV1@XZ 100101b0 f   tier1:KeyValues.obj
 0001:0000f1c0       ?SetNextKey@KeyValues@@QAEXPAV1@@Z 100101c0 f   tier1:KeyValues.obj
 0001:0000f1d0       ?GetFirstTrueSubKey@KeyValues@@QAEPAV1@XZ 100101d0 f   tier1:KeyValues.obj
 0001:0000f1f0       ?GetNextTrueSubKey@KeyValues@@QAEPAV1@XZ 100101f0 f   tier1:KeyValues.obj
 0001:0000f210       ?GetFirstValue@KeyValues@@QAEPAV1@XZ 10010210 f   tier1:KeyValues.obj
 0001:0000f230       ?GetNextValue@KeyValues@@QAEPAV1@XZ 10010230 f   tier1:KeyValues.obj
 0001:0000f250       ?SetStringValue@KeyValues@@QAEXPBD@Z 10010250 f   tier1:KeyValues.obj
 0001:0000f2b0       ?SetName@KeyValues@@QAEXPBD@Z 100102b0 f   tier1:KeyValues.obj
 0001:0000f2d0       ?CopySubkeys@KeyValues@@QBEXPAV1@@Z 100102d0 f   tier1:KeyValues.obj
 0001:0000f310       ??2KeyValues@@SAPAXI@Z     10010310 f   tier1:KeyValues.obj
 0001:0000f330       ??2KeyValues@@SAPAXIHPBDH@Z 10010330 f   tier1:KeyValues.obj
 0001:0000f350       ??3KeyValues@@SAXPAX@Z     10010350 f   tier1:KeyValues.obj
 0001:0000f370       ??3KeyValues@@SAXPAXHPBDH@Z 10010370 f   tier1:KeyValues.obj
 0001:0000f390       ??$AlignValue@I@@YAIII@Z   10010390 f i tier1:KeyValues.obj
 0001:0000f3b0       ??A?$CUtlMemory@E@@QBEABEH@Z 100103b0 f i tier1:KeyValues.obj
 0001:0000f3c0       ??A?$CUtlMemory@E@@QAEAAEH@Z 100103c0 f i tier1:KeyValues.obj
 0001:0000f3d0       ?IsExternallyAllocated@?$CUtlMemory@E@@QBE_NXZ 100103d0 f i tier1:KeyValues.obj
 0001:0000f3e0       ?Count@?$CUtlVector@PAVKeyValues@@V?$CUtlMemory@PAVKeyValues@@@@@@QBEHXZ 100103e0 f i tier1:KeyValues.obj
 0001:0000f3f0       ?Base@?$CUtlMemory@PAVKeyValues@@@@QAEPAPAVKeyValues@@XZ 100103f0 f i tier1:KeyValues.obj
 0001:0000f400       ?ValidateGrowSize@?$CUtlMemory@PAVKeyValues@@@@IAEXXZ 10010400 f i tier1:KeyValues.obj
 0001:0000f410       ??$CopyConstruct@PAVKeyValues@@@@YAXPAPAVKeyValues@@ABQAV0@@Z 10010410 f i tier1:KeyValues.obj
 0001:0000f430       ??$Destruct@PAVKeyValues@@@@YAXPAPAVKeyValues@@@Z 10010430 f i tier1:KeyValues.obj
 0001:0000f440       ?NumAllocated@?$CUtlMemory@PAVKeyValues@@@@QBEHXZ 10010440 f i tier1:KeyValues.obj
 0001:0000f450       ?IsExternallyAllocated@?$CUtlMemory@PAVKeyValues@@@@QBE_NXZ 10010450 f i tier1:KeyValues.obj
 0001:0000f460       ?GetOptimalReadSize@IFileSystem@@QAEIPAXI@Z 10010460 f i tier1:KeyValues.obj
 0001:0000f4a0       ?PeekGet@CUtlBuffer@@QBEPBXH@Z 100104a0 f i tier1:KeyValues.obj
 0001:0000f4c0       ?PeekPut@CUtlBuffer@@QAEPAXH@Z 100104c0 f i tier1:KeyValues.obj
 0001:0000f4e0       ?PutLittleEndianData@CUtlBuffer@@IAEXHPAX@Z 100104e0 f i tier1:KeyValues.obj
 0001:0000f520       ??0CKeyErrorContext@@QAE@PAVKeyValues@@@Z 10010520 f i tier1:KeyValues.obj
 0001:0000f560       ??0CKeyErrorContext@@QAE@H@Z 10010560 f i tier1:KeyValues.obj
 0001:0000f5a0       ??0KeyValues@@QAE@PBD@Z    100105a0 f   tier1:KeyValues.obj
 0001:0000f5f0       ??_GKeyValues@@AAEPAXI@Z   100105f0 f i tier1:KeyValues.obj
 0001:0000f620       ?LoadFromFile@KeyValues@@QAE_NPAVIBaseFileSystem@@PBD1@Z 10010620 f   tier1:KeyValues.obj
 0001:0000f780       ?WriteIndents@KeyValues@@AAEXPAVIBaseFileSystem@@PAXPAVCUtlBuffer@@H@Z 10010780 f   tier1:KeyValues.obj
 0001:0000f7e0       ?WriteConvertedString@KeyValues@@AAEXPAVIBaseFileSystem@@PAXPAVCUtlBuffer@@PBD@Z 100107e0 f   tier1:KeyValues.obj
 0001:0000f8a0       ?RecursiveSaveToFile@KeyValues@@AAEXPAVIBaseFileSystem@@PAXPAVCUtlBuffer@@H@Z 100108a0 f   tier1:KeyValues.obj
 0001:0000ffc0       ?FindKey@KeyValues@@QAEPAV1@PBD_N@Z 10010fc0 f   tier1:KeyValues.obj
 0001:00010130       ?AddSubKey@KeyValues@@QAEXPAV1@@Z 10011130 f   tier1:KeyValues.obj
 0001:00010170       ?GetInt@KeyValues@@QAEHPBDH@Z 10011170 f   tier1:KeyValues.obj
 0001:000101f0       ?GetUint64@KeyValues@@QAE_KPBD_K@Z 100111f0 f   tier1:KeyValues.obj
 0001:00010280       ?GetPtr@KeyValues@@QAEPAXPBDPAX@Z 10011280 f   tier1:KeyValues.obj
 0001:000102b0       ?GetFloat@KeyValues@@QAEMPBDM@Z 100112b0 f   tier1:KeyValues.obj
 0001:00010370       ?GetColor@KeyValues@@QAE?AVColor@@PBD@Z 10011370 f   tier1:KeyValues.obj
 0001:000104c0       ?SetColor@KeyValues@@QAEXPBDVColor@@@Z 100114c0 f   tier1:KeyValues.obj
 0001:00010500       ?SetString@KeyValues@@QAEXPBD0@Z 10011500 f   tier1:KeyValues.obj
 0001:00010570       ?SetWString@KeyValues@@QAEXPBDPB_W@Z 10011570 f   tier1:KeyValues.obj
 0001:00010600       ?SetInt@KeyValues@@QAEXPBDH@Z 10011600 f   tier1:KeyValues.obj
 0001:00010620       ?SetUint64@KeyValues@@QAEXPBD_K@Z 10011620 f   tier1:KeyValues.obj
 0001:00010670       ?SetFloat@KeyValues@@QAEXPBDM@Z 10011670 f   tier1:KeyValues.obj
 0001:00010690       ?SetPtr@KeyValues@@QAEXPBDPAX@Z 10011690 f   tier1:KeyValues.obj
 0001:000106b0       ?RecursiveCopyKeyValues@KeyValues@@AAEXAAV1@@Z 100116b0 f   tier1:KeyValues.obj
 0001:00010970       ?MakeCopy@KeyValues@@QBEPAV1@XZ 10011970 f   tier1:KeyValues.obj
 0001:00010b70       ?IsEmpty@KeyValues@@QAE_NPBD@Z 10011b70 f   tier1:KeyValues.obj
 0001:00010ba0       ?Clear@KeyValues@@QAEXXZ   10011ba0 f   tier1:KeyValues.obj
 0001:00010bd0       ?GetDataType@KeyValues@@QAE?AW4types_t@1@PBD@Z 10011bd0 f   tier1:KeyValues.obj
 0001:00010bf0       ?deleteThis@KeyValues@@QAEXXZ 10011bf0 f   tier1:KeyValues.obj
 0001:00010c10       ?Purge@?$CUtlMemory@E@@QAEXXZ 10011c10 f i tier1:KeyValues.obj
 0001:00010c40       ??$GetType@E@CUtlBuffer@@IAEXAAEPBD@Z 10011c40 f i tier1:KeyValues.obj
 0001:00010ca0       ??$GetType@H@CUtlBuffer@@IAEXAAHPBD@Z 10011ca0 f i tier1:KeyValues.obj
 0001:00010d00       ??$GetType@I@CUtlBuffer@@IAEXAAIPBD@Z 10011d00 f i tier1:KeyValues.obj
 0001:00010d60       ??$GetType@M@CUtlBuffer@@IAEXAAMPBD@Z 10011d60 f i tier1:KeyValues.obj
 0001:00010dc0       ??$GetType@N@CUtlBuffer@@IAEXAANPBD@Z 10011dc0 f i tier1:KeyValues.obj
 0001:00010e20       ?Base@?$CUtlVector@PAVKeyValues@@V?$CUtlMemory@PAVKeyValues@@@@@@QAEPAPAVKeyValues@@XZ 10011e20 f i tier1:KeyValues.obj
 0001:00010e30       ?ResetDbgInfo@?$CUtlVector@PAVKeyValues@@V?$CUtlMemory@PAVKeyValues@@@@@@IAEXXZ 10011e30 f i tier1:KeyValues.obj
 0001:00010e40       ??$PutTypeBin@E@CUtlBuffer@@IAEXE@Z 10011e40 f i tier1:KeyValues.obj
 0001:00010e70       ??$PutTypeBin@H@CUtlBuffer@@IAEXH@Z 10011e70 f i tier1:KeyValues.obj
 0001:00010ec0       ??$PutTypeBin@I@CUtlBuffer@@IAEXI@Z 10011ec0 f i tier1:KeyValues.obj
 0001:00010f10       ??$PutTypeBin@M@CUtlBuffer@@IAEXM@Z 10011f10 f i tier1:KeyValues.obj
 0001:00010f60       ??$PutTypeBin@N@CUtlBuffer@@IAEXN@Z 10011f60 f i tier1:KeyValues.obj
 0001:00010fb0       ??0?$CUtlMemory@PAVKeyValues@@@@QAE@HH@Z 10011fb0 f i tier1:KeyValues.obj
 0001:00010ff0       ?Element@?$CUtlVector@PAVKeyValues@@V?$CUtlMemory@PAVKeyValues@@@@@@QAEAAPAVKeyValues@@H@Z 10011ff0 f i tier1:KeyValues.obj
 0001:00011000       ?RemoveAll@?$CUtlVector@PAVKeyValues@@V?$CUtlMemory@PAVKeyValues@@@@@@QAEXXZ 10012000 f i tier1:KeyValues.obj
 0001:00011010       ?ShiftElementsRight@?$CUtlVector@PAVKeyValues@@V?$CUtlMemory@PAVKeyValues@@@@@@IAEXHH@Z 10012010 f i tier1:KeyValues.obj
 0001:00011050       ?Purge@?$CUtlMemory@PAVKeyValues@@@@QAEXXZ 10012050 f i tier1:KeyValues.obj
 0001:00011080       ?Grow@?$CUtlMemory@PAVKeyValues@@@@QAEXH@Z 10012080 f i tier1:KeyValues.obj
 0001:000110f0       ?GetUnsignedChar@CUtlBuffer@@QAEEXZ 100120f0 f i tier1:KeyValues.obj
 0001:00011150       ?GetInt@CUtlBuffer@@QAEHXZ 10012150 f i tier1:KeyValues.obj
 0001:000111b0       ?GetUnsignedInt@CUtlBuffer@@QAEIXZ 100121b0 f i tier1:KeyValues.obj
 0001:00011210       ?GetFloat@CUtlBuffer@@QAEMXZ 10012210 f i tier1:KeyValues.obj
 0001:00011280       ?GetDouble@CUtlBuffer@@QAENXZ 10012280 f i tier1:KeyValues.obj
 0001:000112e0       ??0KeyValues@@QAE@PBD00@Z  100122e0 f   tier1:KeyValues.obj
 0001:00011340       ??0KeyValues@@QAE@PBD0PB_W@Z 10012340 f   tier1:KeyValues.obj
 0001:000113a0       ??0KeyValues@@QAE@PBD0H@Z  100123a0 f   tier1:KeyValues.obj
 0001:00011410       ??0KeyValues@@QAE@PBD0000@Z 10012410 f   tier1:KeyValues.obj
 0001:00011480       ??0KeyValues@@QAE@PBD0H0H@Z 10012480 f   tier1:KeyValues.obj
 0001:00011510       ?RemoveEverything@KeyValues@@AAEXXZ 10012510 f   tier1:KeyValues.obj
 0001:000115b0       ?RecursiveSaveToFile@KeyValues@@QAEXAAVCUtlBuffer@@H@Z 100125b0 f   tier1:KeyValues.obj
 0001:000115d0       ?SaveToFile@KeyValues@@QAE_NPAVIBaseFileSystem@@PBD1@Z 100125d0 f   tier1:KeyValues.obj
 0001:00011650       ?CreateKey@KeyValues@@AAEPAV1@PBD@Z 10012650 f   tier1:KeyValues.obj
 0001:00011720       ?GetString@KeyValues@@QAEPBDPBD0@Z 10012720 f   tier1:KeyValues.obj
 0001:00011890       ?GetWString@KeyValues@@QAEPB_WPBDPB_W@Z 10012890 f   tier1:KeyValues.obj
 0001:00011a10       ??4KeyValues@@QAEAAV0@AAV0@@Z 10012a10 f   tier1:KeyValues.obj
 0001:00011a60       ?RecursiveLoadFromBuffer@KeyValues@@AAEXPBDAAVCUtlBuffer@@@Z 10012a60 f   tier1:KeyValues.obj
 0001:00011c90       ?ReadAsBinary@KeyValues@@QAE_NAAVCUtlBuffer@@@Z 10012c90 f   tier1:KeyValues.obj
 0001:00011fa0       ??1?$CUtlMemory@E@@QAE@XZ  10012fa0 f i tier1:KeyValues.obj
 0001:00011fd0       ??$PutType@E@CUtlBuffer@@IAEXEPBD@Z 10012fd0 f i tier1:KeyValues.obj
 0001:00012020       ??$PutType@H@CUtlBuffer@@IAEXHPBD@Z 10013020 f i tier1:KeyValues.obj
 0001:00012090       ??$PutType@I@CUtlBuffer@@IAEXIPBD@Z 10013090 f i tier1:KeyValues.obj
 0001:00012100       ??$PutType@M@CUtlBuffer@@IAEXMPBD@Z 10013100 f i tier1:KeyValues.obj
 0001:00012170       ??$PutType@N@CUtlBuffer@@IAEXNPBD@Z 10013170 f i tier1:KeyValues.obj
 0001:000121e0       ??A?$CUtlVector@PAVKeyValues@@V?$CUtlMemory@PAVKeyValues@@@@@@QAEAAPAVKeyValues@@H@Z 100131e0 f i tier1:KeyValues.obj
 0001:000121f0       ?Purge@?$CUtlVector@PAVKeyValues@@V?$CUtlMemory@PAVKeyValues@@@@@@QAEXXZ 100131f0 f i tier1:KeyValues.obj
 0001:00012240       ??1?$CUtlMemory@PAVKeyValues@@@@QAE@XZ 10013240 f i tier1:KeyValues.obj
 0001:00012270       ?GrowVector@?$CUtlVector@PAVKeyValues@@V?$CUtlMemory@PAVKeyValues@@@@@@IAEXH@Z 10013270 f i tier1:KeyValues.obj
 0001:000122b0       ?PutUnsignedChar@CUtlBuffer@@QAEXE@Z 100132b0 f i tier1:KeyValues.obj
 0001:00012300       ?PutInt@CUtlBuffer@@QAEXH@Z 10013300 f i tier1:KeyValues.obj
 0001:00012320       ?PutUnsignedInt@CUtlBuffer@@QAEXI@Z 10013320 f i tier1:KeyValues.obj
 0001:00012340       ?PutFloat@CUtlBuffer@@QAEXM@Z 10013340 f i tier1:KeyValues.obj
 0001:00012360       ?PutDouble@CUtlBuffer@@QAEXN@Z 10013360 f i tier1:KeyValues.obj
 0001:00012380       ?CreateNewKey@KeyValues@@QAEPAV1@XZ 10013380 f   tier1:KeyValues.obj
 0001:00012410       ?AppendIncludedKeys@KeyValues@@AAEXAAV?$CUtlVector@PAVKeyValues@@V?$CUtlMemory@PAVKeyValues@@@@@@@Z 10013410 f   tier1:KeyValues.obj
 0001:00012460       ??1CUtlBuffer@@QAE@XZ      10013460 f i tier1:KeyValues.obj
 0001:00012490       ?WriteAsBinary@KeyValues@@QAE_NAAVCUtlBuffer@@@Z 10013490 f   tier1:KeyValues.obj
 0001:00012660       ??0?$CUtlVector@PAVKeyValues@@V?$CUtlMemory@PAVKeyValues@@@@@@QAE@HH@Z 10013660 f i tier1:KeyValues.obj
 0001:000126b0       ??1?$CUtlVector@PAVKeyValues@@V?$CUtlMemory@PAVKeyValues@@@@@@QAE@XZ 100136b0 f i tier1:KeyValues.obj
 0001:00012740       ?InsertBefore@?$CUtlVector@PAVKeyValues@@V?$CUtlMemory@PAVKeyValues@@@@@@QAEHHABQAVKeyValues@@@Z 10013740 f i tier1:KeyValues.obj
 0001:000127b0       ?AddToTail@?$CUtlVector@PAVKeyValues@@V?$CUtlMemory@PAVKeyValues@@@@@@QAEHABQAVKeyValues@@@Z 100137b0 f i tier1:KeyValues.obj
 0001:000127d0       ?ParseIncludedKeys@KeyValues@@AAEXPBD0PAVIBaseFileSystem@@0AAV?$CUtlVector@PAVKeyValues@@V?$CUtlMemory@PAVKeyValues@@@@@@@Z 100137d0 f   tier1:KeyValues.obj
 0001:000129c0       ?LoadFromBuffer@KeyValues@@QAE_NPBDAAVCUtlBuffer@@PAVIBaseFileSystem@@0@Z 100139c0 f   tier1:KeyValues.obj
 0001:00012bf0       ?LoadFromBuffer@KeyValues@@QAE_NPBD0PAVIBaseFileSystem@@0@Z 10013bf0 f   tier1:KeyValues.obj
 0001:00012cb0       ??0InterfaceReg@@QAE@P6APAXXZPBD@Z 10013cb0 f   tier1:interface.obj
 0001:00012ce0       _CreateInterface           10013ce0 f   tier1:interface.obj
 0001:00012dc0       ?Sys_LoadLibrary@@YAPAUHINSTANCE__@@PBD@Z 10013dc0 f   tier1:interface.obj
 0001:00012e50       ?Sys_LoadModule@@YAPAVCSysModule@@PBD@Z 10013e50 f   tier1:interface.obj
 0001:00012f40       ?Sys_UnloadModule@@YAXPAVCSysModule@@@Z 10013f40 f   tier1:interface.obj
 0001:00012f60       ?Sys_GetFactory@@YAP6APAXPBDPAH@ZPAVCSysModule@@@Z 10013f60 f   tier1:interface.obj
 0001:00012f80       ?Sys_GetFactoryThis@@YAP6APAXPBDPAH@ZXZ 10013f80 f   tier1:interface.obj
 0001:00012f90       ?Sys_GetFactory@@YAP6APAXPBDPAH@Z0@Z 10013f90 f   tier1:interface.obj
 0001:00012fb0       ?Sys_LoadInterface@@YA_NPBD0PAPAVCSysModule@@PAPAX@Z 10013fb0 f   tier1:interface.obj
 0001:00013010       ?TellGet@CUtlBuffer@@QBEHXZ 10014010 f i tier1:utlbuffer.obj
 0001:00013020       ?TellPut@CUtlBuffer@@QBEHXZ 10014020 f i tier1:utlbuffer.obj
 0001:00013030       ?TellMaxPut@CUtlBuffer@@QBEHXZ 10014030 f i tier1:utlbuffer.obj
 0001:00013040       ?IsGrowable@CUtlBuffer@@QBE_NXZ 10014040 f i tier1:utlbuffer.obj
 0001:00013050       ?ContainsCRLF@CUtlBuffer@@QBE_NXZ 10014050 f i tier1:utlbuffer.obj
 0001:00013070       ?IsReadOnly@CUtlBuffer@@QBE_NXZ 10014070 f i tier1:utlbuffer.obj
 0001:00013080       ?V_strcmp@@YAHPBD0@Z       10014080 f i tier1:utlbuffer.obj
 0001:000130c0       ?GetCStringCharConversion@@YAPAVCUtlCharConversion@@XZ 100140c0 f   tier1:utlbuffer.obj
 0001:000130d0       ?GetNoEscCharConversion@@YAPAVCUtlCharConversion@@XZ 100140d0 f   tier1:utlbuffer.obj
 0001:000130e0       ?FindConversion@CUtlCStringConversion@@UAEDPBDPAH@Z 100140e0 f   tier1:utlbuffer.obj
 0001:00013100       ??0CUtlCharConversion@@QAE@DPBDHPAUConversionArray_t@0@@Z 10014100 f   tier1:utlbuffer.obj
 0001:000131a0       ?GetEscapeChar@CUtlCharConversion@@QBEDXZ 100141a0 f   tier1:utlbuffer.obj
 0001:000131b0       ?GetDelimiter@CUtlCharConversion@@QBEPBDXZ 100141b0 f   tier1:utlbuffer.obj
 0001:000131c0       ?GetDelimiterLength@CUtlCharConversion@@QBEHXZ 100141c0 f   tier1:utlbuffer.obj
 0001:000131d0       ?GetConversionString@CUtlCharConversion@@QBEPBDD@Z 100141d0 f   tier1:utlbuffer.obj
 0001:000131f0       ?GetConversionLength@CUtlCharConversion@@QBEHD@Z 100141f0 f   tier1:utlbuffer.obj
 0001:00013210       ?MaxConversionLength@CUtlCharConversion@@QBEHXZ 10014210 f   tier1:utlbuffer.obj
 0001:00013220       ?FindConversion@CUtlCharConversion@@UAEDPBDPAH@Z 10014220 f   tier1:utlbuffer.obj
 0001:000132a0       ?SetBufferType@CUtlBuffer@@QAEX_N0@Z 100142a0 f   tier1:utlbuffer.obj
 0001:000132d0       ?SeekGet@CUtlBuffer@@QAEXW4SeekType_t@1@H@Z 100142d0 f   tier1:utlbuffer.obj
 0001:00013310       ?SetOverflowFuncs@CUtlBuffer@@IAEXP81@AE_NH@Z0@Z 10014310 f   tier1:utlbuffer.obj
 0001:00013330       ?OnPutOverflow@CUtlBuffer@@IAE_NH@Z 10014330 f   tier1:utlbuffer.obj
 0001:00013340       ?OnGetOverflow@CUtlBuffer@@IAE_NH@Z 10014340 f   tier1:utlbuffer.obj
 0001:00013350       ?GetOverflow@CUtlBuffer@@IAE_NH@Z 10014350 f   tier1:utlbuffer.obj
 0001:00013360       ?SetLittleEndian@CUtlBuffer@@QAEX_N@Z 10014360 f   tier1:utlbuffer.obj
 0001:00013370       ??0?$CUtlMemory@E@@QAE@PAEH@Z 10014370 f i tier1:utlbuffer.obj
 0001:00013390       ?Base@?$CUtlMemory@E@@QAEPAEXZ 10014390 f i tier1:utlbuffer.obj
 0001:000133a0       ?NumAllocated@?$CUtlMemory@E@@QBEHXZ 100143a0 f i tier1:utlbuffer.obj
 0001:000133b0       ?ValidateGrowSize@?$CUtlMemory@E@@IAEXXZ 100143b0 f i tier1:utlbuffer.obj
 0001:000133c0       ?WasLastCharacterCR@CUtlBuffer@@IAE_NXZ 100143c0 f i tier1:utlbuffer.obj
 0001:000133e0       ?Base@CUtlBuffer@@QAEPAXXZ 100143e0 f i tier1:utlbuffer.obj
 0001:000133f0       ?Size@CUtlBuffer@@QBEHXZ   100143f0 f i tier1:utlbuffer.obj
 0001:00013400       ??0CUtlNoEscConversion@@QAE@DPBDHPAUConversionArray_t@CUtlCharConversion@@@Z 10014400 f i tier1:utlbuffer.obj
 0001:00013430       ?FindConversion@CUtlNoEscConversion@@UAEDPBDPAH@Z 10014430 f i tier1:utlbuffer.obj
 0001:00013450       ??0CUtlCStringConversion@@QAE@DPBDHPAUConversionArray_t@CUtlCharConversion@@@Z 10014450 f   tier1:utlbuffer.obj
 0001:000134b0       ?CheckGet@CUtlBuffer@@IAE_NH@Z 100144b0 f   tier1:utlbuffer.obj
 0001:00013510       ?CheckPeekGet@CUtlBuffer@@IAE_NHH@Z 10014510 f   tier1:utlbuffer.obj
 0001:00013540       ?CheckArbitraryPeekGet@CUtlBuffer@@IAE_NHAAH@Z 10014540 f   tier1:utlbuffer.obj
 0001:000135b0       ?PeekGet@CUtlBuffer@@QAEPBXHH@Z 100145b0 f   tier1:utlbuffer.obj
 0001:000135f0       ?GetToken@CUtlBuffer@@QAE_NPBD@Z 100145f0 f   tier1:utlbuffer.obj
 0001:00013730       ?CheckPut@CUtlBuffer@@IAE_NH@Z 10014730 f   tier1:utlbuffer.obj
 0001:00013780       ?AddNullTermination@CUtlBuffer@@IAEXXZ 10014780 f   tier1:utlbuffer.obj
 0001:000137d0       ??0?$CUtlMemory@E@@QAE@HH@Z 100147d0 f i tier1:utlbuffer.obj
 0001:00013810       ?ConvertToGrowableMemory@?$CUtlMemory@E@@QAEXH@Z 10014810 f i tier1:utlbuffer.obj
 0001:00013860       ?Grow@?$CUtlMemory@E@@QAEXH@Z 10014860 f i tier1:utlbuffer.obj
 0001:000138d0       ?EnsureCapacity@?$CUtlMemory@E@@QAEXH@Z 100148d0 f i tier1:utlbuffer.obj
 0001:00013920       ??$GetType@D@CUtlBuffer@@IAEXAADPBD@Z 10014920 f i tier1:utlbuffer.obj
 0001:000139b0       ?GetChar@CUtlBuffer@@QAEDXZ 100149b0 f i tier1:utlbuffer.obj
[...]
 0001:00012d70       ?Sys_IsDebuggerPresent@@YA_NXZ 10013d70 f   tier1:interface.obj
 0001:00015609       ?CatchGuardHandler@@YA?AW4_EXCEPTION_DISPOSITION@@PAUEHExceptionRecord@@PAUCatchGuardRN@@PAX2@Z 10016609 f   LIBCMT:_trnsctrl_.obj
 0001:00015713       ?TranslatorGuardHandler@@YA?AW4_EXCEPTION_DISPOSITION@@PAUEHExceptionRecord@@PAUTranslatorGuardRN@@PAX2@Z 10016713 f   LIBCMT:_trnsctrl_.obj
 0001:00015fef       __onexit_nolock            10016fef f   LIBCMT:onexit.obj
 0001:0001628d       ___DllMainCRTStartup       1001728d f   LIBCMT:dllcrt0.obj
 0001:000186c3       _vscan_fn                  100196c3 f   LIBCMT:sscanf.obj
 0001:000188f5       ?strtoxl@@YAKPAUlocaleinfo_struct@@PBDPAPBDHH@Z 100198f5 f   LIBCMT:strtol.obj
 0001:00018d8b       ?ExFilterRethrow@@YAHPAU_EXCEPTION_POINTERS@@@Z 10019d8b f   LIBCMT:frame.obj
 0001:0001917a       ?IsInExceptionSpec@@YAEPAUEHExceptionRecord@@PBU_s_ESTypeList@@@Z 1001a17a f   LIBCMT:frame.obj
 0001:000191f0       ?CallUnexpected@@YAXPBU_s_ESTypeList@@@Z 1001a1f0 f   LIBCMT:frame.obj
 0001:00019221       __catch$?CallUnexpected@@YAXPBU_s_ESTypeList@@@Z$0 1001a221 f   LIBCMT:frame.obj
 0001:00019239       ?Is_bad_exception_allowed@@YAEPBU_s_ESTypeList@@@Z 1001a239 f   LIBCMT:frame.obj
 0001:000192f1       ?CallCatchBlock@@YAPAXPAUEHExceptionRecord@@PAUEHRegistrationNode@@PAU_CONTEXT@@PBU_s_FuncInfo@@PAXHK@Z 1001a2f1 f   LIBCMT:frame.obj
 0001:000197ec       ?CatchIt@@YAXPAUEHExceptionRecord@@PAUEHRegistrationNode@@PAU_CONTEXT@@PAXPBU_s_FuncInfo@@PBU_s_HandlerType@@PBU_s_CatchableType@@PBU_s_TryBlockMapEntry@@H1E@Z 1001a7ec f   LIBCMT:frame.obj
 0001:0001985a       ?FindHandlerForForeignException@@YAXPAUEHExceptionRecord@@PAUEHRegistrationNode@@PAU_CONTEXT@@PAXPBU_s_FuncInfo@@HH1@Z 1001a85a f   LIBCMT:frame.obj
 0001:00019961       ?FindHandler@@YAXPAUEHExceptionRecord@@PAUEHRegistrationNode@@PAU_CONTEXT@@PAXPBU_s_FuncInfo@@EH1@Z 1001a961 f   LIBCMT:frame.obj
 0001:0001a720       _write_char                1001b720 f   LIBCMT:output.obj
 0001:0001a753       _write_multi_char          1001b753 f   LIBCMT:output.obj
 0001:0001a779       _write_string              1001b779 f   LIBCMT:output.obj
 0001:0001b8e4       __shift                    1001c8e4 f   LIBCMT:cvt.obj
 0001:0001b929       __cftoe2_l                 1001c929 f   LIBCMT:cvt.obj
 0001:0001bf07       __cftof2_l                 1001cf07 f   LIBCMT:cvt.obj
 0001:0001cc8d       __initterm                 1001dc8d f   LIBCMT:crt0dat.obj
 0001:0001cdc5       _doexit                    1001ddc5 f   LIBCMT:crt0dat.obj
 0001:0001cfd0       _ValidateLocalCookies      1001dfd0 f   LIBCMT:chandler4.obj
 0001:0001d512       _parse_cmdline             1001e512 f   LIBCMT:stdargv.obj
 0001:0001d84a       _xcptlookup                1001e84a f   LIBCMT:winxfltr.obj
 0001:0002056b       ?CPtoLCID@@YAHH@Z          1002156b f   LIBCMT:mbctype.obj
 0001:0002059a       ?setSBCS@@YAXPAUthreadmbcinfostruct@@@Z 1002159a f   LIBCMT:mbctype.obj
 0001:000205fe       ?setSBUpLow@@YAXPAUthreadmbcinfostruct@@@Z 100215fe f   LIBCMT:mbctype.obj
 0001:00020832       ?getSystemCP@@YAHH@Z       10021832 f   LIBCMT:mbctype.obj
 0001:00021ec7       ?strncnt@@YAHPBDH@Z        10022ec7 f   LIBCMT:a_map.obj
 0001:00021ee5       ?__crtLCMapStringA_stat@@YAHPAUlocaleinfo_struct@@KKPBDHPADHHH@Z 10022ee5 f   LIBCMT:a_map.obj
 0001:000223d5       __copytlocinfo_nolock      100233d5 f   LIBCMT:setlocal.obj
 0001:00022459       _sync_legacy_variables_lk  10023459 f   LIBCMT:setlocal.obj
 0001:000227d1       __setlocale_get_all        100237d1 f   LIBCMT:setlocal.obj
 0001:00022b57       __setlocale_set_cat        10023b57 f   LIBCMT:setlocal.obj
 0001:00022e91       __setlocale_nolock         10023e91 f   LIBCMT:setlocal.obj
 0001:00023650       _write_char                10024650 f   LIBCMT:woutput.obj
 0001:0002367f       _write_multi_char          1002467f f   LIBCMT:woutput.obj
 0001:000236a6       _write_string              100246a6 f   LIBCMT:woutput.obj
 0001:00024420       _write_char                10025420 f   LIBCMT:woutputp.obj
 0001:0002444f       _write_multi_char          1002544f f   LIBCMT:woutputp.obj
 0001:00024476       _write_string              10025476 f   LIBCMT:woutputp.obj
 0001:000257b1       ?wcstoxl@@YAKPB_WPAPB_WHH@Z 100267b1 f   LIBCMT:wcstol.obj
 0001:000259db       ?wcstoxq@@YA_KPAUlocaleinfo_struct@@PB_WPAPB_WHH@Z 100269db f   LIBCMT:wcstoq.obj
 0001:00025d13       ?strtoxq@@YA_KPAUlocaleinfo_struct@@PBDPAPBDHH@Z 10026d13 f   LIBCMT:strtoq.obj
 0001:000260db       ___check_float_string      100270db f   LIBCMT:input.obj
 0001:00026144       __hextodec                 10027144 f   LIBCMT:input.obj
 0001:00026164       __inc                      10027164 f   LIBCMT:input.obj
 0001:0002617a       __un_inc                   1002717a f   LIBCMT:input.obj
 0001:0002618d       __whiteout                 1002718d f   LIBCMT:input.obj
 0001:000271bb       ___check_float_string      100281bb f   LIBCMT:inputs.obj
 0001:00027212       __hextodec                 10028212 f   LIBCMT:inputs.obj
 0001:00027232       __inc                      10028232 f   LIBCMT:inputs.obj
 0001:00027248       __un_inc                   10028248 f   LIBCMT:inputs.obj
 0001:0002725b       __whiteout                 1002825b f   LIBCMT:inputs.obj
 0001:000287f0       __unwind_handler           100297f0 f   LIBCMT:exsup.obj
 0001:0002a951       ?und_strlen@@YAIPBD@Z      1002b951 f   LIBCMT:undname.obj
 0001:0002a95f       ?und_memcpy@@YAXPADPBDI@Z  1002b95f f   LIBCMT:undname.obj
 0001:0002a975       ?und_strncmp@@YAIPBD0I@Z   1002b975 f   LIBCMT:undname.obj
 0001:0002f950       __unwind_handler4          10030950 f   LIBCMT:exsup4.obj
 0001:0002fa30       _ctrlevent_capture@4       10030a30 f   LIBCMT:winsig.obj
 0001:0002facc       _siglookup                 10030acc f   LIBCMT:winsig.obj
 0001:00030334       ?__crtGetLocaleInfoA_stat@@YAHPAUlocaleinfo_struct@@KKPADH@Z 10031334 f   LIBCMT:a_loc.obj
 0001:0003071c       ?x_ismbbtype_l@@YAHPAUlocaleinfo_struct@@IHH@Z 1003171c f   LIBCMT:ismbbyte.obj
 0001:00031722       __get_fname                10032722 f   LIBCMT:_fpexcept_.obj
 0001:00031c44       ?__crtGetStringTypeA_stat@@YAHPAUlocaleinfo_struct@@KPBDHPAGHHH@Z 10032c44 f   LIBCMT:a_str.obj
 0001:00031d6b       __get_lc_time              10032d6b f   LIBCMT:inittime.obj
 0001:0003295e       _fix_grouping              1003395e f   LIBCMT:initnum.obj
 0001:00032be7       _fix_grouping              10033be7 f   LIBCMT:initmon.obj
 0001:00034c06       _TranslateName             10035c06 f   LIBCMT:getqloc.obj
 0001:00034c68       _GetLcidFromDefault        10035c68 f   LIBCMT:getqloc.obj
 0001:00034c7c       _ProcessCodePage           10035c7c f   LIBCMT:getqloc.obj
 0001:00034d00       _TestDefaultCountry        10035d00 f   LIBCMT:getqloc.obj
 0001:00034d25       _LcidFromHexString         10035d25 f   LIBCMT:getqloc.obj
 0001:00034d56       _GetPrimaryLen             10035d56 f   LIBCMT:getqloc.obj
 0001:00034d71       _CountryEnumProc@4         10035d71 f   LIBCMT:getqloc.obj
 0001:00034e18       _TestDefaultLanguage       10035e18 f   LIBCMT:getqloc.obj
 0001:00034e73       _LangCountryEnumProc@4     10035e73 f   LIBCMT:getqloc.obj
 0001:00035044       _LanguageEnumProc@4        10036044 f   LIBCMT:getqloc.obj
 0001:00035104       _GetLcidFromCountry        10036104 f   LIBCMT:getqloc.obj
 0001:00035130       _GetLcidFromLangCountry    10036130 f   LIBCMT:getqloc.obj
 0001:00035197       _GetLcidFromLanguage       10036197 f   LIBCMT:getqloc.obj
 0001:000353c4       _cmpResult                 100363c4 f   LIBCMT:memcmp.obj
 0001:000353d4       _cmpBYTE                   100363d4 f   LIBCMT:memcmp.obj
 0001:000353ea       _cmpWORD                   100363ea f   LIBCMT:memcmp.obj
 0001:00035426       _cmpDWORD                  10036426 f   LIBCMT:memcmp.obj
 0001:00035496       _unaligned_memcmp          10036496 f   LIBCMT:memcmp.obj
 0001:000383f4       _write_char                100393f4 f   LIBCMT:outputp.obj
 0001:00038427       _write_multi_char          10039427 f   LIBCMT:outputp.obj
 0001:0003844d       _write_string              1003944d f   LIBCMT:outputp.obj
 0001:000397e8       _write_char                1003a7e8 f   LIBCMT:outputs.obj
 0001:0003981b       _write_multi_char          1003a81b f   LIBCMT:outputs.obj
 0001:00039841       _write_string              1003a841 f   LIBCMT:outputs.obj
 0001:0003af9e       _flsall                    1003bf9e f   LIBCMT:fflush.obj
 0001:0003bc3f       __abstract_cw              1003cc3f f   LIBCMT:_ieee87_.obj
 0001:0003bcde       __hw_cw                    1003ccde f   LIBCMT:_ieee87_.obj
 0001:0003bd6c       __abstract_sw              1003cd6c f   LIBCMT:_ieee87_.obj
 0001:0003bdaf       ___abstract_cw_sse2        1003cdaf f   LIBCMT:_ieee87_.obj
 0001:0003be4f       ___hw_cw_sse2              1003ce4f f   LIBCMT:_ieee87_.obj
 0001:0003beef       ___abstract_sw_sse2        1003ceef f   LIBCMT:_ieee87_.obj
 0001:0003bf32       ___fpreset_sse2            1003cf32 f   LIBCMT:_ieee87_.obj
 0001:0003c008       ___statusfp_sse2           1003d008 f   LIBCMT:_ieee87_.obj
 0001:0003c043       ___clearfp_sse2            1003d043 f   LIBCMT:_ieee87_.obj
 0001:0003c093       ___control87_sse2          1003d093 f   LIBCMT:_ieee87_.obj
 0001:0003d0a1       _xtoa_s@20                 1003e0a1 f   LIBCMT:xtoas.obj
 0001:0003d1c6       @x64toa_s@24               1003e1c6 f   LIBCMT:xtoas.obj
 0001:0003e106       ?_strupr_s_l_stat@@YAHPADIPAUlocaleinfo_struct@@@Z 1003f106 f   LIBCMT:strupr.obj
 0001:0003e5a0       __unwindfunclet$?AllocUnattributed@@YAPAXI@Z$0 1003f5a0 f   memoverride.obj
 0001:0003e5ae       __ehhandler$?AllocUnattributed@@YAPAXI@Z 1003f5ae f   memoverride.obj
 0001:0003e5d0       __unwindfunclet$?ReallocUnattributed@@YAPAXPAXI@Z$0 1003f5d0 f   memoverride.obj
 0001:0003e5de       __ehhandler$?ReallocUnattributed@@YAPAXPAXI@Z 1003f5de f   memoverride.obj
 0001:0003e600       __unwindfunclet$?Bot_Think@@YAXPAVCPluginBot@@@Z$0 1003f600 f   serverplugin_bot.obj
 0001:0003e608       __ehhandler$?Bot_Think@@YAXPAVCPluginBot@@@Z 1003f608 f   serverplugin_bot.obj
 0001:0003e630       __unwindfunclet$??1?$CUtlVector@VCPluginBot@@V?$CUtlMemory@VCPluginBot@@@@@@QAE@XZ$0 1003f630 f   serverplugin_bot.obj
 0001:0003e638       __ehhandler$??1?$CUtlVector@VCPluginBot@@V?$CUtlMemory@VCPluginBot@@@@@@QAE@XZ 1003f638 f   serverplugin_bot.obj
 0001:0003e660       __unwindfunclet$??__Fs_Bots@@YAXXZ$0 1003f660 f   serverplugin_bot.obj
 0001:0003e66a       __ehhandler$??__Fs_Bots@@YAXXZ 1003f66a f   serverplugin_bot.obj
 0001:0003e690       __unwindfunclet$?ClientPutInServer@CEmptyServerPlugin@@UAEXPAUedict_t@@PBD@Z$0 1003f690 f   serverplugin_empty.obj
 0001:0003e69b       __ehhandler$?ClientPutInServer@CEmptyServerPlugin@@UAEXPAUedict_t@@PBD@Z 1003f69b f   serverplugin_empty.obj
 0001:0003e6c0       __unwindfunclet$?ClientCommand@CEmptyServerPlugin@@UAE?AW4PLUGIN_RESULT@@PAUedict_t@@@Z$0 1003f6c0 f   serverplugin_empty.obj
 0001:0003e6cb       __unwindfunclet$?ClientCommand@CEmptyServerPlugin@@UAE?AW4PLUGIN_RESULT@@PAUedict_t@@@Z$1 1003f6cb f   serverplugin_empty.obj
 0001:0003e6d6       __unwindfunclet$?ClientCommand@CEmptyServerPlugin@@UAE?AW4PLUGIN_RESULT@@PAUedict_t@@@Z$2 1003f6d6 f   serverplugin_empty.obj
 0001:0003e6e1       __unwindfunclet$?ClientCommand@CEmptyServerPlugin@@UAE?AW4PLUGIN_RESULT@@PAUedict_t@@@Z$3 1003f6e1 f   serverplugin_empty.obj
 0001:0003e6ec       __ehhandler$?ClientCommand@CEmptyServerPlugin@@UAE?AW4PLUGIN_RESULT@@PAUedict_t@@@Z 1003f6ec f   serverplugin_empty.obj
 0001:0003e720       __unwindfunclet$??1ConVar@@UAE@XZ$0 1003f720 f   tier1:convar.obj
 0001:0003e728       __ehhandler$??1ConVar@@UAE@XZ 1003f728 f   tier1:convar.obj
 0001:0003e750       __unwindfunclet$??0ConCommand@@QAE@PBDP6AXXZ0HP6AH0QAY0EA@D@Z@Z$0 1003f750 f   tier1:convar.obj
 0001:0003e758       __ehhandler$??0ConCommand@@QAE@PBDP6AXXZ0HP6AH0QAY0EA@D@Z@Z 1003f758 f   tier1:convar.obj
 0001:0003e780       __unwindfunclet$??0ConVar@@QAE@PBD0H@Z$0 1003f780 f   tier1:convar.obj
 0001:0003e788       __ehhandler$??0ConVar@@QAE@PBD0H@Z 1003f788 f   tier1:convar.obj
 0001:0003e7b0       __unwindfunclet$??_GConVar@@UAEPAXI@Z$0 1003f7b0 f   tier1:convar.obj
 0001:0003e7b8       __ehhandler$??_GConVar@@UAEPAXI@Z 1003f7b8 f   tier1:convar.obj
 0001:0003e7e0       __unwindfunclet$??0ConVar@@QAE@PBD0H0@Z$0 1003f7e0 f   tier1:convar.obj
 0001:0003e7e8       __ehhandler$??0ConVar@@QAE@PBD0H0@Z 1003f7e8 f   tier1:convar.obj
 0001:0003e810       __unwindfunclet$??0ConVar@@QAE@PBD0H0_NM1M@Z$0 1003f810 f   tier1:convar.obj
 0001:0003e818       __ehhandler$??0ConVar@@QAE@PBD0H0_NM1M@Z 1003f818 f   tier1:convar.obj
 0001:0003e840       __unwindfunclet$??0ConVar@@QAE@PBD0H0P6AXPAV0@0@Z@Z$0 1003f840 f   tier1:convar.obj
 0001:0003e848       __ehhandler$??0ConVar@@QAE@PBD0H0P6AXPAV0@0@Z@Z 1003f848 f   tier1:convar.obj
 0001:0003e870       __unwindfunclet$??0ConVar@@QAE@PBD0H0_NM1MP6AXPAV0@0@Z@Z$0 1003f870 f   tier1:convar.obj
 0001:0003e878       __ehhandler$??0ConVar@@QAE@PBD0H0_NM1MP6AXPAV0@0@Z@Z 1003f878 f   tier1:convar.obj
 0001:0003e8a0       __unwindfunclet$?LoadFromFile@KeyValues@@QAE_NPAVIBaseFileSystem@@PBD1@Z$0 1003f8a0 f   tier1:KeyValues.obj
 0001:0003e8a8       __ehhandler$?LoadFromFile@KeyValues@@QAE_NPAVIBaseFileSystem@@PBD1@Z 1003f8a8 f   tier1:KeyValues.obj
 0001:0003e8d0       __unwindfunclet$?FindKey@KeyValues@@QAEPAV1@PBD_N@Z$0 1003f8d0 f   tier1:KeyValues.obj
 0001:0003e8de       __ehhandler$?FindKey@KeyValues@@QAEPAV1@PBD_N@Z 1003f8de f   tier1:KeyValues.obj
 0001:0003e910       __unwindfunclet$?RecursiveCopyKeyValues@KeyValues@@AAEXAAV1@@Z$0 1003f910 f   tier1:KeyValues.obj
 0001:0003e91e       __unwindfunclet$?RecursiveCopyKeyValues@KeyValues@@AAEXAAV1@@Z$1 1003f91e f   tier1:KeyValues.obj
 0001:0003e92c       __ehhandler$?RecursiveCopyKeyValues@KeyValues@@AAEXAAV1@@Z 1003f92c f   tier1:KeyValues.obj
 0001:0003e960       __unwindfunclet$?MakeCopy@KeyValues@@QBEPAV1@XZ$0 1003f960 f   tier1:KeyValues.obj
 0001:0003e96b       __ehhandler$?MakeCopy@KeyValues@@QBEPAV1@XZ 1003f96b f   tier1:KeyValues.obj
 0001:0003e990       __unwindfunclet$?CreateKey@KeyValues@@AAEPAV1@PBD@Z$0 1003f990 f   tier1:KeyValues.obj
 0001:0003e99b       __ehhandler$?CreateKey@KeyValues@@AAEPAV1@PBD@Z 1003f99b f   tier1:KeyValues.obj
 0001:0003e9c0       __unwindfunclet$?RecursiveLoadFromBuffer@KeyValues@@AAEXPBDAAVCUtlBuffer@@@Z$0 1003f9c0 f   tier1:KeyValues.obj
 0001:0003e9c8       __unwindfunclet$?RecursiveLoadFromBuffer@KeyValues@@AAEXPBDAAVCUtlBuffer@@@Z$1 1003f9c8 f   tier1:KeyValues.obj
 0001:0003e9d0       __ehhandler$?RecursiveLoadFromBuffer@KeyValues@@AAEXPBDAAVCUtlBuffer@@@Z 1003f9d0 f   tier1:KeyValues.obj
 0001:0003e9f0       __unwindfunclet$?ReadAsBinary@KeyValues@@QAE_NAAVCUtlBuffer@@@Z$0 1003f9f0 f   tier1:KeyValues.obj
 0001:0003e9fe       __unwindfunclet$?ReadAsBinary@KeyValues@@QAE_NAAVCUtlBuffer@@@Z$1 1003f9fe f   tier1:KeyValues.obj
 0001:0003ea0c       __ehhandler$?ReadAsBinary@KeyValues@@QAE_NAAVCUtlBuffer@@@Z 1003fa0c f   tier1:KeyValues.obj
 0001:0003ea40       __unwindfunclet$??1?$CUtlVector@PAVKeyValues@@V?$CUtlMemory@PAVKeyValues@@@@@@QAE@XZ$0 1003fa40 f   tier1:KeyValues.obj
 0001:0003ea48       __ehhandler$??1?$CUtlVector@PAVKeyValues@@V?$CUtlMemory@PAVKeyValues@@@@@@QAE@XZ 1003fa48 f   tier1:KeyValues.obj
 0001:0003ea70       __unwindfunclet$?ParseIncludedKeys@KeyValues@@AAEXPBD0PAVIBaseFileSystem@@0AAV?$CUtlVector@PAVKeyValues@@V?$CUtlMemory@PAVKeyValues@@@@@@@Z$0 1003fa70 f   tier1:KeyValues.obj
 0001:0003ea7e       __ehhandler$?ParseIncludedKeys@KeyValues@@AAEXPBD0PAVIBaseFileSystem@@0AAV?$CUtlVector@PAVKeyValues@@V?$CUtlMemory@PAVKeyValues@@@@@@@Z 1003fa7e f   tier1:KeyValues.obj
 0001:0003eab0       __unwindfunclet$?LoadFromBuffer@KeyValues@@QAE_NPBDAAVCUtlBuffer@@PAVIBaseFileSystem@@0@Z$0 1003fab0 f   tier1:KeyValues.obj
 0001:0003eab8       __unwindfunclet$?LoadFromBuffer@KeyValues@@QAE_NPBDAAVCUtlBuffer@@PAVIBaseFileSystem@@0@Z$1 1003fab8 f   tier1:KeyValues.obj
 0001:0003eac3       __unwindfunclet$?LoadFromBuffer@KeyValues@@QAE_NPBDAAVCUtlBuffer@@PAVIBaseFileSystem@@0@Z$3 1003fac3 f   tier1:KeyValues.obj
 0001:0003eacb       __ehhandler$?LoadFromBuffer@KeyValues@@QAE_NPBDAAVCUtlBuffer@@PAVIBaseFileSystem@@0@Z 1003facb f   tier1:KeyValues.obj
 0001:0003eaf0       __unwindfunclet$?LoadFromBuffer@KeyValues@@QAE_NPBD0PAVIBaseFileSystem@@0@Z$0 1003faf0 f   tier1:KeyValues.obj
 0001:0003eaf8       __ehhandler$?LoadFromBuffer@KeyValues@@QAE_NPBD0PAVIBaseFileSystem@@0@Z 1003faf8 f   tier1:KeyValues.obj
 0001:0003eb20       __unwindfunclet$??0CUtlBuffer@@QAE@HHH@Z$0 1003fb20 f   tier1:utlbuffer.obj
 0001:0003eb28       __ehhandler$??0CUtlBuffer@@QAE@HHH@Z 1003fb28 f   tier1:utlbuffer.obj
 0001:0003eb50       __unwindfunclet$??0CUtlBuffer@@QAE@PBXHH@Z$0 1003fb50 f   tier1:utlbuffer.obj
 0001:0003eb58       __ehhandler$??0CUtlBuffer@@QAE@PBXHH@Z 1003fb58 f   tier1:utlbuffer.obj
 0001:0003eb73       __ehhandler$?CallUnexpected@@YAXPBU_s_ESTypeList@@@Z 1003fb73 f   LIBCMT:frame.obj
 0001:0003eb90       ??__Ebot_forcefireweapon@@YAXXZ 1003fb90 f   serverplugin_bot.obj
 0001:0003ebc0       ??__Ebot_forceattack2@@YAXXZ 1003fbc0 f   serverplugin_bot.obj
 0001:0003ebf0       ??__Ebot_forceattackon@@YAXXZ 1003fbf0 f   serverplugin_bot.obj
 0001:0003ec20       ??__Ebot_flipout@@YAXXZ    1003fc20 f   serverplugin_bot.obj
 0001:0003ec50       ??__Ebot_changeclass@@YAXXZ 1003fc50 f   serverplugin_bot.obj
 0001:0003ec80       ??__Ebot_mimic@@YAXXZ      1003fc80 f   serverplugin_bot.obj
 0001:0003ecb0       ??__Ebot_mimic_yaw_offset@@YAXXZ 1003fcb0 f   serverplugin_bot.obj
 0001:0003ece0       ??__Ebot_sendcmd@@YAXXZ    1003fce0 f   serverplugin_bot.obj
 0001:0003ed10       ??__Ebot_crouch@@YAXXZ     1003fd10 f   serverplugin_bot.obj
 0001:0003ed40       ??__Es_Bots@@YAXXZ         1003fd40 f   serverplugin_bot.obj
 0001:0003ed50       ??__Ecc_Bot@@YAXXZ         1003fd50 f   serverplugin_bot.obj
 0001:0003ed80       ??__Eg_EmtpyServerPlugin@@YAXXZ 1003fd80 f   serverplugin_empty.obj
 0001:0003ed90       ??__E__g_CreateCEmptyServerPluginIServerPluginCallbacks_reg@@YAXXZ 1003fd90 f   serverplugin_empty.obj
 0001:0003edb0       ??__Eempty_version_command@@YAXXZ 1003fdb0 f   serverplugin_empty.obj
 0001:0003ede0       ??__Eempty_log_command@@YAXXZ 1003fde0 f   serverplugin_empty.obj
 0001:0003ee10       ??__Eempty_cvar@@YAXXZ     1003fe10 f   serverplugin_empty.obj
 0001:0003ee40       ??__Es_StringCharConversion@@YAXXZ 1003fe40 f   tier1:utlbuffer.obj
 0001:0003eea0       ??__Es_NoEscConversion@@YAXXZ 1003fea0 f   tier1:utlbuffer.obj
 0001:0003eed0       ??__Fbot_forcefireweapon@@YAXXZ 1003fed0 f   serverplugin_bot.obj
 0001:0003eee0       ??__Fbot_forceattack2@@YAXXZ 1003fee0 f   serverplugin_bot.obj
 0001:0003eef0       ??__Fbot_forceattackon@@YAXXZ 1003fef0 f   serverplugin_bot.obj
 0001:0003ef00       ??__Fbot_flipout@@YAXXZ    1003ff00 f   serverplugin_bot.obj
 0001:0003ef10       ??__Fbot_changeclass@@YAXXZ 1003ff10 f   serverplugin_bot.obj
 0001:0003ef20       ??__Fbot_mimic@@YAXXZ      1003ff20 f   serverplugin_bot.obj
 0001:0003ef30       ??__Fbot_mimic_yaw_offset@@YAXXZ 1003ff30 f   serverplugin_bot.obj
 0001:0003ef40       ??__Fbot_sendcmd@@YAXXZ    1003ff40 f   serverplugin_bot.obj
 0001:0003ef50       ??__Fbot_crouch@@YAXXZ     1003ff50 f   serverplugin_bot.obj
 0001:0003ef60       ??__Fcc_Bot@@YAXXZ         1003ff60 f   serverplugin_bot.obj
 0001:0003ef70       ??__Fs_Bots@@YAXXZ         1003ff70 f   serverplugin_bot.obj
 0001:0003f010       ??__Fempty_version_command@@YAXXZ 10040010 f   serverplugin_empty.obj
 0001:0003f020       ??__Fempty_log_command@@YAXXZ 10040020 f   serverplugin_empty.obj
 0001:0003f030       ??__Fempty_cvar@@YAXXZ     10040030 f   serverplugin_empty.obj
 0001:0003f040       ??__Fg_EmtpyServerPlugin@@YAXXZ 10040040 f   serverplugin_empty.obj
